Archive member included to satisfy reference by file (symbol)

/opt/gcc-arm-none-eabi-6_2-2016q4/bin/../lib/gcc/arm-none-eabi/6.2.1/../../../../arm-none-eabi/lib/thumb/v7-m/libc.a(lib_a-fclose.o)
                              build/kernel/components/libc/compilers/newlib/stdio.o (fclose)
/opt/gcc-arm-none-eabi-6_2-2016q4/bin/../lib/gcc/arm-none-eabi/6.2.1/../../../../arm-none-eabi/lib/thumb/v7-m/libc.a(lib_a-fflush.o)
                              /opt/gcc-arm-none-eabi-6_2-2016q4/bin/../lib/gcc/arm-none-eabi/6.2.1/../../../../arm-none-eabi/lib/thumb/v7-m/libc.a(lib_a-fclose.o) (__sflush_r)
/opt/gcc-arm-none-eabi-6_2-2016q4/bin/../lib/gcc/arm-none-eabi/6.2.1/../../../../arm-none-eabi/lib/thumb/v7-m/libc.a(lib_a-fileno.o)
                              build/kernel/components/libc/compilers/newlib/stdio.o (fileno)
/opt/gcc-arm-none-eabi-6_2-2016q4/bin/../lib/gcc/arm-none-eabi/6.2.1/../../../../arm-none-eabi/lib/thumb/v7-m/libc.a(lib_a-findfp.o)
                              /opt/gcc-arm-none-eabi-6_2-2016q4/bin/../lib/gcc/arm-none-eabi/6.2.1/../../../../arm-none-eabi/lib/thumb/v7-m/libc.a(lib_a-fclose.o) (__sinit)
/opt/gcc-arm-none-eabi-6_2-2016q4/bin/../lib/gcc/arm-none-eabi/6.2.1/../../../../arm-none-eabi/lib/thumb/v7-m/libc.a(lib_a-fopen.o)
                              build/kernel/components/libc/compilers/newlib/stdio.o (fopen)
/opt/gcc-arm-none-eabi-6_2-2016q4/bin/../lib/gcc/arm-none-eabi/6.2.1/../../../../arm-none-eabi/lib/thumb/v7-m/libc.a(lib_a-fseek.o)
                              /opt/gcc-arm-none-eabi-6_2-2016q4/bin/../lib/gcc/arm-none-eabi/6.2.1/../../../../arm-none-eabi/lib/thumb/v7-m/libc.a(lib_a-fopen.o) (_fseek_r)
/opt/gcc-arm-none-eabi-6_2-2016q4/bin/../lib/gcc/arm-none-eabi/6.2.1/../../../../arm-none-eabi/lib/thumb/v7-m/libc.a(lib_a-fseeko.o)
                              /opt/gcc-arm-none-eabi-6_2-2016q4/bin/../lib/gcc/arm-none-eabi/6.2.1/../../../../arm-none-eabi/lib/thumb/v7-m/libc.a(lib_a-fseek.o) (_fseeko_r)
/opt/gcc-arm-none-eabi-6_2-2016q4/bin/../lib/gcc/arm-none-eabi/6.2.1/../../../../arm-none-eabi/lib/thumb/v7-m/libc.a(lib_a-fwalk.o)
                              /opt/gcc-arm-none-eabi-6_2-2016q4/bin/../lib/gcc/arm-none-eabi/6.2.1/../../../../arm-none-eabi/lib/thumb/v7-m/libc.a(lib_a-findfp.o) (_fwalk)
/opt/gcc-arm-none-eabi-6_2-2016q4/bin/../lib/gcc/arm-none-eabi/6.2.1/../../../../arm-none-eabi/lib/thumb/v7-m/libc.a(lib_a-impure.o)
                              build/kernel/components/libc/compilers/newlib/stdio.o (_global_impure_ptr)
/opt/gcc-arm-none-eabi-6_2-2016q4/bin/../lib/gcc/arm-none-eabi/6.2.1/../../../../arm-none-eabi/lib/thumb/v7-m/libc.a(lib_a-makebuf.o)
                              /opt/gcc-arm-none-eabi-6_2-2016q4/bin/../lib/gcc/arm-none-eabi/6.2.1/../../../../arm-none-eabi/lib/thumb/v7-m/libc.a(lib_a-fseeko.o) (__smakebuf_r)
/opt/gcc-arm-none-eabi-6_2-2016q4/bin/../lib/gcc/arm-none-eabi/6.2.1/../../../../arm-none-eabi/lib/thumb/v7-m/libc.a(lib_a-memcmp.o)
                              build/kernel/components/finsh/shell.o (memcmp)
/opt/gcc-arm-none-eabi-6_2-2016q4/bin/../lib/gcc/arm-none-eabi/6.2.1/../../../../arm-none-eabi/lib/thumb/v7-m/libc.a(lib_a-memcpy.o)
                              build/kernel/components/drivers/src/ringbuffer.o (memcpy)
/opt/gcc-arm-none-eabi-6_2-2016q4/bin/../lib/gcc/arm-none-eabi/6.2.1/../../../../arm-none-eabi/lib/thumb/v7-m/libc.a(lib_a-memset.o)
                              /opt/gcc-arm-none-eabi-6_2-2016q4/bin/../lib/gcc/arm-none-eabi/6.2.1/../../../../arm-none-eabi/lib/thumb/v7-m/crt0.o (memset)
/opt/gcc-arm-none-eabi-6_2-2016q4/bin/../lib/gcc/arm-none-eabi/6.2.1/../../../../arm-none-eabi/lib/thumb/v7-m/libc.a(lib_a-refill.o)
                              /opt/gcc-arm-none-eabi-6_2-2016q4/bin/../lib/gcc/arm-none-eabi/6.2.1/../../../../arm-none-eabi/lib/thumb/v7-m/libc.a(lib_a-fseeko.o) (__srefill_r)
/opt/gcc-arm-none-eabi-6_2-2016q4/bin/../lib/gcc/arm-none-eabi/6.2.1/../../../../arm-none-eabi/lib/thumb/v7-m/libc.a(lib_a-setvbuf.o)
                              build/kernel/components/libc/compilers/newlib/stdio.o (setvbuf)
/opt/gcc-arm-none-eabi-6_2-2016q4/bin/../lib/gcc/arm-none-eabi/6.2.1/../../../../arm-none-eabi/lib/thumb/v7-m/libc.a(lib_a-snprintf.o)
                              build/kernel/components/libc/compilers/newlib/stdio.o (snprintf)
/opt/gcc-arm-none-eabi-6_2-2016q4/bin/../lib/gcc/arm-none-eabi/6.2.1/../../../../arm-none-eabi/lib/thumb/v7-m/libc.a(lib_a-stdio.o)
                              /opt/gcc-arm-none-eabi-6_2-2016q4/bin/../lib/gcc/arm-none-eabi/6.2.1/../../../../arm-none-eabi/lib/thumb/v7-m/libc.a(lib_a-findfp.o) (__sread)
/opt/gcc-arm-none-eabi-6_2-2016q4/bin/../lib/gcc/arm-none-eabi/6.2.1/../../../../arm-none-eabi/lib/thumb/v7-m/libc.a(lib_a-strcpy.o)
                              build/kernel/components/finsh/shell.o (strcpy)
/opt/gcc-arm-none-eabi-6_2-2016q4/bin/../lib/gcc/arm-none-eabi/6.2.1/../../../../arm-none-eabi/lib/thumb/v7-m/libc.a(lib_a-strlen-stub.o)
[...]
Memory Configuration

Name             Origin             Length             Attributes
ROM              0x0000000008000000 0x0000000000040000 xr
RAM              0x0000000020000000 0x0000000000010000 rw
*default*        0x0000000000000000 0xffffffffffffffff

Linker script and memory map

LOAD /opt/gcc-arm-none-eabi-6_2-2016q4/bin/../lib/gcc/arm-none-eabi/6.2.1/thumb/v7-m/crti.o
LOAD /opt/gcc-arm-none-eabi-6_2-2016q4/bin/../lib/gcc/arm-none-eabi/6.2.1/thumb/v7-m/crtbegin.o
LOAD /opt/gcc-arm-none-eabi-6_2-2016q4/bin/../lib/gcc/arm-none-eabi/6.2.1/../../../../arm-none-eabi/lib/thumb/v7-m/crt0.o
LOAD build/applications/main.o
LOAD build/board/board.o
LOAD build/board/drv_usart.o
LOAD build/Libraries/STM32F10x_StdPeriph_Driver/src/misc.o
LOAD build/Libraries/STM32F10x_StdPeriph_Driver/src/stm32f10x_adc.o
LOAD build/Libraries/STM32F10x_StdPeriph_Driver/src/stm32f10x_bkp.o
LOAD build/Libraries/STM32F10x_StdPeriph_Driver/src/stm32f10x_can.o
LOAD build/Libraries/STM32F10x_StdPeriph_Driver/src/stm32f10x_cec.o
LOAD build/Libraries/STM32F10x_StdPeriph_Driver/src/stm32f10x_crc.o
LOAD build/Libraries/STM32F10x_StdPeriph_Driver/src/stm32f10x_dac.o
LOAD build/Libraries/STM32F10x_StdPeriph_Driver/src/stm32f10x_dbgmcu.o
LOAD build/Libraries/STM32F10x_StdPeriph_Driver/src/stm32f10x_dma.o
LOAD build/Libraries/STM32F10x_StdPeriph_Driver/src/stm32f10x_exti.o
LOAD build/Libraries/STM32F10x_StdPeriph_Driver/src/stm32f10x_flash.o
LOAD build/Libraries/STM32F10x_StdPeriph_Driver/src/stm32f10x_fsmc.o
LOAD build/Libraries/STM32F10x_StdPeriph_Driver/src/stm32f10x_gpio.o
LOAD build/Libraries/STM32F10x_StdPeriph_Driver/src/stm32f10x_i2c.o
LOAD build/Libraries/STM32F10x_StdPeriph_Driver/src/stm32f10x_iwdg.o
LOAD build/Libraries/STM32F10x_StdPeriph_Driver/src/stm32f10x_pwr.o
LOAD build/Libraries/STM32F10x_StdPeriph_Driver/src/stm32f10x_rcc.o
LOAD build/Libraries/STM32F10x_StdPeriph_Driver/src/stm32f10x_rtc.o
LOAD build/Libraries/STM32F10x_StdPeriph_Driver/src/stm32f10x_sdio.o
LOAD build/Libraries/STM32F10x_StdPeriph_Driver/src/stm32f10x_spi.o
LOAD build/Libraries/STM32F10x_StdPeriph_Driver/src/stm32f10x_tim.o
LOAD build/Libraries/STM32F10x_StdPeriph_Driver/src/stm32f10x_usart.o
LOAD build/Libraries/STM32F10x_StdPeriph_Driver/src/stm32f10x_wwdg.o
LOAD Libraries/CMSIS/ST/STM32F10x/system_stm32f10x.o
LOAD Libraries/CMSIS/ST/STM32F10x/startup/TrueSTUDIO/startup_stm32f107xc.o
LOAD build/kernel/src/clock.o
LOAD build/kernel/src/components.o
LOAD build/kernel/src/device.o
LOAD build/kernel/src/idle.o
LOAD build/kernel/src/ipc.o
LOAD build/kernel/src/irq.o
LOAD build/kernel/src/kservice.o
LOAD build/kernel/src/mem.o
LOAD build/kernel/src/mempool.o
LOAD build/kernel/src/object.o
LOAD build/kernel/src/scheduler.o
LOAD build/kernel/src/signal.o
LOAD build/kernel/src/thread.o
LOAD build/kernel/src/timer.o
LOAD build/kernel/libcpu/arm/cortex-m3/cpuport.o
LOAD build/kernel/libcpu/arm/cortex-m3/context_gcc.o
LOAD build/kernel/libcpu/arm/common/backtrace.o
LOAD build/kernel/libcpu/arm/common/div0.o
LOAD build/kernel/libcpu/arm/common/showmem.o
LOAD build/kernel/components/drivers/misc/pin.o
LOAD build/kernel/components/drivers/serial/serial.o
LOAD build/kernel/components/drivers/src/completion.o
LOAD build/kernel/components/drivers/src/dataqueue.o
LOAD build/kernel/components/drivers/src/pipe.o
LOAD build/kernel/components/drivers/src/ringblk_buf.o
LOAD build/kernel/components/drivers/src/ringbuffer.o
LOAD build/kernel/components/drivers/src/waitqueue.o
LOAD build/kernel/components/drivers/src/workqueue.o
LOAD build/kernel/components/finsh/shell.o
LOAD build/kernel/components/finsh/cmd.o
LOAD build/kernel/components/finsh/msh.o
LOAD build/kernel/components/libc/compilers/newlib/libc.o
LOAD build/kernel/components/libc/compilers/newlib/libc_syms.o
LOAD build/kernel/components/libc/compilers/newlib/stdio.o
LOAD build/kernel/components/libc/compilers/newlib/syscalls.o
LOAD build/kernel/components/libc/compilers/newlib/time.o
LOAD /opt/gcc-arm-none-eabi-6_2-2016q4/bin/../lib/gcc/arm-none-eabi/6.2.1/../../../../arm-none-eabi/lib/thumb/v7-m/libc.a
LOAD /opt/gcc-arm-none-eabi-6_2-2016q4/bin/../lib/gcc/arm-none-eabi/6.2.1/../../../../arm-none-eabi/lib/thumb/v7-m/libm.a
START GROUP
LOAD /opt/gcc-arm-none-eabi-6_2-2016q4/bin/../lib/gcc/arm-none-eabi/6.2.1/thumb/v7-m/libgcc.a
LOAD /opt/gcc-arm-none-eabi-6_2-2016q4/bin/../lib/gcc/arm-none-eabi/6.2.1/../../../../arm-none-eabi/lib/thumb/v7-m/libc.a
END GROUP
LOAD /opt/gcc-arm-none-eabi-6_2-2016q4/bin/../lib/gcc/arm-none-eabi/6.2.1/thumb/v7-m/crtend.o
LOAD /opt/gcc-arm-none-eabi-6_2-2016q4/bin/../lib/gcc/arm-none-eabi/6.2.1/thumb/v7-m/crtn.o
                0x0000000000000200                _system_stack_size = 0x200

.text           0x0000000008000000     0x9828
                0x0000000008000000                . = ALIGN (0x4)
                0x0000000008000000                _stext = .
 *(.isr_vector)
 .isr_vector    0x0000000008000000      0x1e4 Libraries/CMSIS/ST/STM32F10x/startup/TrueSTUDIO/startup_stm32f107xc.o
                0x0000000008000000                g_pfnVectors
                0x00000000080001e4                . = ALIGN (0x4)
 *(.text)
 .text          0x00000000080001e4       0x6c /opt/gcc-arm-none-eabi-6_2-2016q4/bin/../lib/gcc/arm-none-eabi/6.2.1/thumb/v7-m/crtbegin.o
 .text          0x0000000008000250      0x100 build/kernel/libcpu/arm/cortex-m3/context_gcc.o
                0x0000000008000250                rt_hw_interrupt_disable
                0x0000000008000258                rt_hw_interrupt_enable
                0x000000000800025e                rt_hw_context_switch_interrupt
                0x000000000800025e                rt_hw_context_switch
                0x000000000800027e                PendSV_Handler
                0x00000000080002ba                rt_hw_context_switch_to
                0x00000000080002f6                rt_hw_interrupt_thread_switch
                0x00000000080002fa                HardFault_Handler
                0x0000000008000330                rt_hw_interrupt_check
 .text          0x0000000008000350       0xec /opt/gcc-arm-none-eabi-6_2-2016q4/bin/../lib/gcc/arm-none-eabi/6.2.1/../../../../arm-none-eabi/lib/thumb/v7-m/libc.a(lib_a-memcpy.o)
                0x0000000008000350                memcpy
 *(.text.*)
 .text.thread1_entry
                0x000000000800043c       0x12 build/applications/main.o
                0x000000000800043c                thread1_entry
 .text.thread2_entry
                0x000000000800044e       0x16 build/applications/main.o
                0x000000000800044e                thread2_entry
 .text.main     0x0000000008000464       0x78 build/applications/main.o
                0x0000000008000464                main
 .text.NVIC_SetPriority
                0x00000000080004dc       0x54 build/board/board.o
 .text.SysTick_Config
                0x0000000008000530       0x44 build/board/board.o
 .text.rt_hw_board_init
                0x0000000008000574       0x50 build/board/board.o
                0x0000000008000574                rt_hw_board_init
 .text.SysTick_Handler
                0x00000000080005c4       0x14 build/board/board.o
                0x00000000080005c4                SysTick_Handler
 .text.NVIC_EnableIRQ
                0x00000000080005d8       0x30 build/board/drv_usart.o
 .text.NVIC_DisableIRQ
                0x0000000008000608       0x34 build/board/drv_usart.o
 .text.stm32_configure
                0x000000000800063c      0x100 build/board/drv_usart.o
 .text.stm32_control
                0x000000000800073c       0x7c build/board/drv_usart.o
 .text.stm32_putc
                0x00000000080007b8       0x50 build/board/drv_usart.o
 .text.stm32_getc
                0x0000000008000808       0x54 build/board/drv_usart.o
 .text.USART1_IRQHandler
                0x000000000800085c       0x88 build/board/drv_usart.o
                0x000000000800085c                USART1_IRQHandler
 .text.RCC_Configuration
                0x00000000080008e4       0x22 build/board/drv_usart.o
 *fill*         0x0000000008000906        0x2 00000000
 .text.GPIO_Configuration
                0x0000000008000908       0x40 build/board/drv_usart.o
 .text.NVIC_Configuration
                0x0000000008000948       0x30 build/board/drv_usart.o
 .text.rt_hw_usart_init
                0x0000000008000978       0x68 build/board/drv_usart.o
                0x0000000008000978                rt_hw_usart_init
 .text.NVIC_Init
                0x00000000080009e0       0xc4 build/Libraries/STM32F10x_StdPeriph_Driver/src/misc.o
                0x00000000080009e0                NVIC_Init
 .text.NVIC_SetVectorTable
                0x0000000008000aa4       0x2c build/Libraries/STM32F10x_StdPeriph_Driver/src/misc.o
                0x0000000008000aa4                NVIC_SetVectorTable
 .text.GPIO_Init
                0x0000000008000ad0      0x178 build/Libraries/STM32F10x_StdPeriph_Driver/src/stm32f10x_gpio.o
                0x0000000008000ad0                GPIO_Init
 .text.RCC_GetClocksFreq
                0x0000000008000c48      0x1c8 build/Libraries/STM32F10x_StdPeriph_Driver/src/stm32f10x_rcc.o
                0x0000000008000c48                RCC_GetClocksFreq
 .text.RCC_APB2PeriphClockCmd
                0x0000000008000e10       0x3c build/Libraries/STM32F10x_StdPeriph_Driver/src/stm32f10x_rcc.o
                0x0000000008000e10                RCC_APB2PeriphClockCmd
 .text.USART_Init
                0x0000000008000e4c      0x174 build/Libraries/STM32F10x_StdPeriph_Driver/src/stm32f10x_usart.o
                0x0000000008000e4c                USART_Init
 .text.USART_Cmd
                0x0000000008000fc0       0x3e build/Libraries/STM32F10x_StdPeriph_Driver/src/stm32f10x_usart.o
                0x0000000008000fc0                USART_Cmd
 .text.USART_ITConfig
                0x0000000008000ffe       0x8e build/Libraries/STM32F10x_StdPeriph_Driver/src/stm32f10x_usart.o
                0x0000000008000ffe                USART_ITConfig
 .text.USART_GetFlagStatus
                0x000000000800108c       0x36 build/Libraries/STM32F10x_StdPeriph_Driver/src/stm32f10x_usart.o
                0x000000000800108c                USART_GetFlagStatus
 .text.USART_GetITStatus
                0x00000000080010c2       0xb4 build/Libraries/STM32F10x_StdPeriph_Driver/src/stm32f10x_usart.o
                0x00000000080010c2                USART_GetITStatus
 .text.USART_ClearITPendingBit
                0x0000000008001176       0x38 build/Libraries/STM32F10x_StdPeriph_Driver/src/stm32f10x_usart.o
                0x0000000008001176                USART_ClearITPendingBit
 *fill*         0x00000000080011ae        0x2 00000000
 .text.SystemInit
                0x00000000080011b0       0x7c Libraries/CMSIS/ST/STM32F10x/system_stm32f10x.o
                0x00000000080011b0                SystemInit
 .text.SetSysClock
                0x000000000800122c        0xc Libraries/CMSIS/ST/STM32F10x/system_stm32f10x.o
 .text.SetSysClockTo72
                0x0000000008001238      0x138 Libraries/CMSIS/ST/STM32F10x/system_stm32f10x.o
 .text.Reset_Handler
                0x0000000008001370       0x44 Libraries/CMSIS/ST/STM32F10x/startup/TrueSTUDIO/startup_stm32f107xc.o
                0x0000000008001370                Reset_Handler
 .text.Default_Handler
                0x00000000080013b4        0x2 Libraries/CMSIS/ST/STM32F10x/startup/TrueSTUDIO/startup_stm32f107xc.o
                0x00000000080013b4                RTC_Alarm_IRQHandler
                0x00000000080013b4                EXTI2_IRQHandler
                0x00000000080013b4                DebugMon_Handler
                0x00000000080013b4                TIM1_CC_IRQHandler
                0x00000000080013b4                TIM6_IRQHandler
                0x00000000080013b4                PVD_IRQHandler
                0x00000000080013b4                NMI_Handler
                0x00000000080013b4                CAN2_RX1_IRQHandler
                0x00000000080013b4                EXTI3_IRQHandler
                0x00000000080013b4                EXTI0_IRQHandler
                0x00000000080013b4                I2C2_EV_IRQHandler
                0x00000000080013b4                CAN1_RX0_IRQHandler
                0x00000000080013b4                UsageFault_Handler
                0x00000000080013b4                CAN2_SCE_IRQHandler
                0x00000000080013b4                ADC1_2_IRQHandler
                0x00000000080013b4                SPI1_IRQHandler
                0x00000000080013b4                TAMPER_IRQHandler
                0x00000000080013b4                CAN2_RX0_IRQHandler
                0x00000000080013b4                DMA2_Channel2_IRQHandler
                0x00000000080013b4                DMA1_Channel4_IRQHandler
                0x00000000080013b4                USART3_IRQHandler
                0x00000000080013b4                RTC_IRQHandler
                0x00000000080013b4                DMA1_Channel7_IRQHandler
                0x00000000080013b4                CAN1_RX1_IRQHandler
                0x00000000080013b4                UART5_IRQHandler
                0x00000000080013b4                TIM4_IRQHandler
                0x00000000080013b4                DMA2_Channel1_IRQHandler
                0x00000000080013b4                I2C1_EV_IRQHandler
                0x00000000080013b4                DMA1_Channel6_IRQHandler
                0x00000000080013b4                UART4_IRQHandler
                0x00000000080013b4                DMA2_Channel4_IRQHandler
                0x00000000080013b4                TIM3_IRQHandler
                0x00000000080013b4                RCC_IRQHandler
                0x00000000080013b4                TIM1_TRG_COM_IRQHandler
                0x00000000080013b4                DMA1_Channel1_IRQHandler
                0x00000000080013b4                Default_Handler
                0x00000000080013b4                EXTI15_10_IRQHandler
                0x00000000080013b4                TIM7_IRQHandler
                0x00000000080013b4                CAN2_TX_IRQHandler
                0x00000000080013b4                TIM5_IRQHandler
                0x00000000080013b4                EXTI9_5_IRQHandler
                0x00000000080013b4                ETH_WKUP_IRQHandler
                0x00000000080013b4                SPI2_IRQHandler
                0x00000000080013b4                MemManage_Handler
                0x00000000080013b4                CAN1_TX_IRQHandler
                0x00000000080013b4                SVC_Handler
                0x00000000080013b4                DMA2_Channel5_IRQHandler
                0x00000000080013b4                DMA1_Channel5_IRQHandler
                0x00000000080013b4                EXTI4_IRQHandler
                0x00000000080013b4                DMA1_Channel3_IRQHandler
                0x00000000080013b4                ETH_IRQHandler
                0x00000000080013b4                TIM1_UP_IRQHandler
                0x00000000080013b4                WWDG_IRQHandler
                0x00000000080013b4                TIM2_IRQHandler
                0x00000000080013b4                OTG_FS_WKUP_IRQHandler
                0x00000000080013b4                TIM1_BRK_IRQHandler
                0x00000000080013b4                EXTI1_IRQHandler
                0x00000000080013b4                USART2_IRQHandler
                0x00000000080013b4                I2C2_ER_IRQHandler
                0x00000000080013b4                DMA1_Channel2_IRQHandler
                0x00000000080013b4                CAN1_SCE_IRQHandler
                0x00000000080013b4                FLASH_IRQHandler
                0x00000000080013b4                BusFault_Handler
                0x00000000080013b4                OTG_FS_IRQHandler
                0x00000000080013b4                SPI3_IRQHandler
                0x00000000080013b4                I2C1_ER_IRQHandler
                0x00000000080013b4                DMA2_Channel3_IRQHandler
 *fill*         0x00000000080013b6        0x2 00000000
 .text.rt_tick_get
                0x00000000080013b8       0x14 build/kernel/src/clock.o
                0x00000000080013b8                rt_tick_get
 .text.rt_tick_increase
                0x00000000080013cc       0x44 build/kernel/src/clock.o
                0x00000000080013cc                rt_tick_increase
 .text.rt_tick_from_millisecond
                0x0000000008001410       0x78 build/kernel/src/clock.o
                0x0000000008001410                rt_tick_from_millisecond
 .text.rti_start
                0x0000000008001488        0xe build/kernel/src/components.o
 .text.rti_board_start
                0x0000000008001496        0xe build/kernel/src/components.o
 .text.rti_board_end
                0x00000000080014a4        0xe build/kernel/src/components.o
 .text.rti_end  0x00000000080014b2        0xe build/kernel/src/components.o
 .text.rt_components_board_init
                0x00000000080014c0       0x30 build/kernel/src/components.o
                0x00000000080014c0                rt_components_board_init
 .text.rt_components_init
                0x00000000080014f0       0x30 build/kernel/src/components.o
                0x00000000080014f0                rt_components_init
 .text.entry    0x0000000008001520        0xe build/kernel/src/components.o
                0x0000000008001520                entry
 .text.main_thread_entry
                0x000000000800152e       0x18 build/kernel/src/components.o
                0x000000000800152e                main_thread_entry
 *fill*         0x0000000008001546        0x2 00000000
 .text.rt_application_init
                0x0000000008001548       0x4c build/kernel/src/components.o
                0x0000000008001548                rt_application_init
 .text.rtthread_startup
                0x0000000008001594       0x2e build/kernel/src/components.o
                0x0000000008001594                rtthread_startup
 .text.rt_device_register
                0x00000000080015c2       0x54 build/kernel/src/device.o
                0x00000000080015c2                rt_device_register
 *fill*         0x0000000008001616        0x2 00000000
 .text.rt_device_find
                0x0000000008001618       0x90 build/kernel/src/device.o
                0x0000000008001618                rt_device_find
 .text.rt_device_open
                0x00000000080016a8      0x11c build/kernel/src/device.o
                0x00000000080016a8                rt_device_open
 .text.rt_device_close
                0x00000000080017c4       0x9c build/kernel/src/device.o
                0x00000000080017c4                rt_device_close
 .text.rt_device_read
                0x0000000008001860       0x88 build/kernel/src/device.o
                0x0000000008001860                rt_device_read
 .text.rt_device_write
                0x00000000080018e8       0x88 build/kernel/src/device.o
                0x00000000080018e8                rt_device_write
 .text.rt_device_set_rx_indicate
                0x0000000008001970       0x54 build/kernel/src/device.o
                0x0000000008001970                rt_device_set_rx_indicate
 .text.rt_list_remove
                0x00000000080019c4       0x34 build/kernel/src/idle.o
 .text._has_defunct_thread
                0x00000000080019f8       0x28 build/kernel/src/idle.o
 .text.rt_thread_idle_excute
                0x0000000008001a20       0xc8 build/kernel/src/idle.o
                0x0000000008001a20                rt_thread_idle_excute
 .text.rt_thread_idle_entry
                0x0000000008001ae8       0x3c build/kernel/src/idle.o
 .text.rt_thread_idle_init
                0x0000000008001b24       0x40 build/kernel/src/idle.o
                0x0000000008001b24                rt_thread_idle_init
 .text.rt_list_init
                0x0000000008001b64       0x20 build/kernel/src/ipc.o
 .text.rt_list_insert_before
                0x0000000008001b84       0x30 build/kernel/src/ipc.o
 .text.rt_list_isempty
                0x0000000008001bb4       0x22 build/kernel/src/ipc.o
 .text.rt_ipc_object_init
                0x0000000008001bd6       0x1c build/kernel/src/ipc.o
 .text.rt_ipc_list_suspend
                0x0000000008001bf2       0x8e build/kernel/src/ipc.o
 .text.rt_ipc_list_resume
                0x0000000008001c80       0x20 build/kernel/src/ipc.o
 .text.rt_sem_init
                0x0000000008001ca0       0x68 build/kernel/src/ipc.o
                0x0000000008001ca0                rt_sem_init
 .text.rt_sem_take
                0x0000000008001d08      0x160 build/kernel/src/ipc.o
                0x0000000008001d08                rt_sem_take
 .text.rt_sem_release
                0x0000000008001e68       0xa0 build/kernel/src/ipc.o
                0x0000000008001e68                rt_sem_release
 .text.rt_interrupt_enter
                0x0000000008001f08       0x40 build/kernel/src/irq.o
                0x0000000008001f08                rt_interrupt_enter
 .text.rt_interrupt_leave
                0x0000000008001f48       0x40 build/kernel/src/irq.o
                0x0000000008001f48                rt_interrupt_leave
 .text.rt_interrupt_get_nest
                0x0000000008001f88       0x28 build/kernel/src/irq.o
                0x0000000008001f88                rt_interrupt_get_nest
 .text.rt_set_errno
                0x0000000008001fb0       0x40 build/kernel/src/kservice.o
                0x0000000008001fb0                rt_set_errno
 .text.rt_memset
                0x0000000008001ff0       0xb4 build/kernel/src/kservice.o
                0x0000000008001ff0                rt_memset
 .text.rt_memmove
                0x00000000080020a4       0x80 build/kernel/src/kservice.o
                0x00000000080020a4                rt_memmove
 .text.rt_strncpy
                0x0000000008002124       0x62 build/kernel/src/kservice.o
                0x0000000008002124                rt_strncpy
 .text.rt_strncmp
                0x0000000008002186       0x4a build/kernel/src/kservice.o
                0x0000000008002186                rt_strncmp
 .text.rt_strlen
                0x00000000080021d0       0x2c build/kernel/src/kservice.o
                0x00000000080021d0                rt_strlen
 .text.rt_show_version
                0x00000000080021fc       0x44 build/kernel/src/kservice.o
                0x00000000080021fc                rt_show_version
 .text.divide   0x0000000008002240       0x68 build/kernel/src/kservice.o
 .text.skip_atoi
                0x00000000080022a8       0x40 build/kernel/src/kservice.o
 .text.print_number
                0x00000000080022e8      0x1dc build/kernel/src/kservice.o
 .text.rt_vsnprintf
                0x00000000080024c4      0x548 build/kernel/src/kservice.o
                0x00000000080024c4                rt_vsnprintf
 .text.rt_console_get_device
                0x0000000008002a0c       0x14 build/kernel/src/kservice.o
                0x0000000008002a0c                rt_console_get_device
 .text.rt_console_set_device
                0x0000000008002a20       0x4c build/kernel/src/kservice.o
                0x0000000008002a20                rt_console_set_device
 .text.rt_hw_console_output
                0x0000000008002a6c       0x12 build/kernel/src/kservice.o
                0x0000000008002a6c                rt_hw_console_output
 *fill*         0x0000000008002a7e        0x2 00000000
 .text.rt_kprintf
                0x0000000008002a80       0x80 build/kernel/src/kservice.o
                0x0000000008002a80                rt_kprintf
 .text.rt_assert_handler
                0x0000000008002b00       0x4c build/kernel/src/kservice.o
                0x0000000008002b00                rt_assert_handler
 .text.plug_holes
                0x0000000008002b4c      0x100 build/kernel/src/mem.o
 .text.rt_system_heap_init
                0x0000000008002c4c      0x118 build/kernel/src/mem.o
                0x0000000008002c4c                rt_system_heap_init
 .text.rt_malloc
                0x0000000008002d64      0x294 build/kernel/src/mem.o
                0x0000000008002d64                rt_malloc
 .text.rt_calloc
                0x0000000008002ff8       0x3c build/kernel/src/mem.o
                0x0000000008002ff8                rt_calloc
 .text.rt_free  0x0000000008003034      0x188 build/kernel/src/mem.o
                0x0000000008003034                rt_free
 .text.list_mem
                0x00000000080031bc       0x44 build/kernel/src/mem.o
                0x00000000080031bc                list_mem
 .text.rt_list_insert_after
                0x0000000008003200       0x30 build/kernel/src/object.o
 .text.rt_list_remove
                0x0000000008003230       0x34 build/kernel/src/object.o
 .text.rt_object_get_information
                0x0000000008003264       0x48 build/kernel/src/object.o
                0x0000000008003264                rt_object_get_information
 .text.rt_object_init
                0x00000000080032ac       0xc8 build/kernel/src/object.o
                0x00000000080032ac                rt_object_init
 .text.rt_object_detach
                0x0000000008003374       0x5c build/kernel/src/object.o
                0x0000000008003374                rt_object_detach
 .text.rt_object_allocate
                0x00000000080033d0       0xd8 build/kernel/src/object.o
                0x00000000080033d0                rt_object_allocate
 .text.rt_object_delete
                0x00000000080034a8       0x7c build/kernel/src/object.o
                0x00000000080034a8                rt_object_delete
 .text.rt_object_is_systemobject
                0x0000000008003524       0x3c build/kernel/src/object.o
                0x0000000008003524                rt_object_is_systemobject
 .text.rt_object_get_type
                0x0000000008003560       0x34 build/kernel/src/object.o
                0x0000000008003560                rt_object_get_type
 .text.rt_list_init
                0x0000000008003594       0x20 build/kernel/src/scheduler.o
 .text.rt_list_insert_before
                0x00000000080035b4       0x30 build/kernel/src/scheduler.o
 .text.rt_list_remove
                0x00000000080035e4       0x34 build/kernel/src/scheduler.o
 .text.rt_list_isempty
                0x0000000008003618       0x22 build/kernel/src/scheduler.o
 *fill*         0x000000000800363a        0x2 00000000
 .text._rt_scheduler_stack_check
                0x000000000800363c       0x98 build/kernel/src/scheduler.o
 .text.rt_system_scheduler_init
                0x00000000080036d4       0x54 build/kernel/src/scheduler.o
                0x00000000080036d4                rt_system_scheduler_init
 .text.rt_system_scheduler_start
                0x0000000008003728       0x3c build/kernel/src/scheduler.o
                0x0000000008003728                rt_system_scheduler_start
 .text.rt_schedule
                0x0000000008003764       0xc4 build/kernel/src/scheduler.o
                0x0000000008003764                rt_schedule
 .text.rt_schedule_insert_thread
                0x0000000008003828       0x80 build/kernel/src/scheduler.o
                0x0000000008003828                rt_schedule_insert_thread
 .text.rt_schedule_remove_thread
                0x00000000080038a8       0x70 build/kernel/src/scheduler.o
                0x00000000080038a8                rt_schedule_remove_thread
 .text.rt_enter_critical
                0x0000000008003918       0x2c build/kernel/src/scheduler.o
                0x0000000008003918                rt_enter_critical
 .text.rt_exit_critical
                0x0000000008003944       0x54 build/kernel/src/scheduler.o
                0x0000000008003944                rt_exit_critical
 .text.rt_list_init
                0x0000000008003998       0x20 build/kernel/src/thread.o
 .text.rt_list_insert_after
                0x00000000080039b8       0x30 build/kernel/src/thread.o
 .text.rt_list_insert_before
                0x00000000080039e8       0x30 build/kernel/src/thread.o
 .text.rt_list_remove
                0x0000000008003a18       0x34 build/kernel/src/thread.o
 .text.rt_thread_exit
                0x0000000008003a4c       0x6c build/kernel/src/thread.o
                0x0000000008003a4c                rt_thread_exit
 .text._rt_thread_init
                0x0000000008003ab8       0xf8 build/kernel/src/thread.o
 .text.rt_thread_init
                0x0000000008003bb0       0x6c build/kernel/src/thread.o
                0x0000000008003bb0                rt_thread_init
 .text.rt_thread_self
                0x0000000008003c1c       0x14 build/kernel/src/thread.o
                0x0000000008003c1c                rt_thread_self
 .text.rt_thread_startup
                0x0000000008003c30       0xa0 build/kernel/src/thread.o
                0x0000000008003c30                rt_thread_startup
 .text.rt_thread_create
                0x0000000008003cd0       0x62 build/kernel/src/thread.o
                0x0000000008003cd0                rt_thread_create
 *fill*         0x0000000008003d32        0x2 00000000
 .text.rt_thread_yield
                0x0000000008003d34       0x74 build/kernel/src/thread.o
                0x0000000008003d34                rt_thread_yield
 .text.rt_thread_sleep
                0x0000000008003da8       0x90 build/kernel/src/thread.o
                0x0000000008003da8                rt_thread_sleep
 .text.rt_thread_mdelay
                0x0000000008003e38       0x20 build/kernel/src/thread.o
                0x0000000008003e38                rt_thread_mdelay
 .text.rt_thread_suspend
                0x0000000008003e58       0xa8 build/kernel/src/thread.o
                0x0000000008003e58                rt_thread_suspend
 .text.rt_thread_resume
                0x0000000008003f00       0x98 build/kernel/src/thread.o
                0x0000000008003f00                rt_thread_resume
 .text.rt_thread_timeout
                0x0000000008003f98       0x84 build/kernel/src/thread.o
                0x0000000008003f98                rt_thread_timeout
 .text.rt_list_init
                0x000000000800401c       0x20 build/kernel/src/timer.o
 .text.rt_list_insert_after
                0x000000000800403c       0x30 build/kernel/src/timer.o
 .text.rt_list_remove
                0x000000000800406c       0x34 build/kernel/src/timer.o
 .text.rt_list_isempty
                0x00000000080040a0       0x22 build/kernel/src/timer.o
 .text._rt_timer_init
                0x00000000080040c2       0x68 build/kernel/src/timer.o
 .text._rt_timer_remove
                0x000000000800412a       0x34 build/kernel/src/timer.o
 *fill*         0x000000000800415e        0x2 00000000
 .text.rt_timer_init
                0x0000000008004160       0x48 build/kernel/src/timer.o
                0x0000000008004160                rt_timer_init
 .text.rt_timer_detach
                0x00000000080041a8       0x7c build/kernel/src/timer.o
                0x00000000080041a8                rt_timer_detach
 .text.rt_timer_start
                0x0000000008004224      0x1fc build/kernel/src/timer.o
                0x0000000008004224                rt_timer_start
 .text.rt_timer_stop
                0x0000000008004420       0x94 build/kernel/src/timer.o
                0x0000000008004420                rt_timer_stop
 .text.rt_timer_control
                0x00000000080044b4       0xa0 build/kernel/src/timer.o
                0x00000000080044b4                rt_timer_control
 .text.rt_timer_check
                0x0000000008004554       0xcc build/kernel/src/timer.o
                0x0000000008004554                rt_timer_check
 .text.rt_system_timer_init
                0x0000000008004620       0x34 build/kernel/src/timer.o
                0x0000000008004620                rt_system_timer_init
 .text.rt_system_timer_thread_init
                0x0000000008004654        0xc build/kernel/src/timer.o
                0x0000000008004654                rt_system_timer_thread_init
 .text.rt_hw_stack_init
                0x0000000008004660       0x88 build/kernel/libcpu/arm/cortex-m3/cpuport.o
                0x0000000008004660                rt_hw_stack_init
 .text.usage_fault_track
                0x00000000080046e8       0xc4 build/kernel/libcpu/arm/cortex-m3/cpuport.o
 .text.bus_fault_track
                0x00000000080047ac       0xcc build/kernel/libcpu/arm/cortex-m3/cpuport.o
 .text.mem_manage_fault_track
                0x0000000008004878       0xb4 build/kernel/libcpu/arm/cortex-m3/cpuport.o
 .text.hard_fault_track
                0x000000000800492c       0x78 build/kernel/libcpu/arm/cortex-m3/cpuport.o
 .text.rt_hw_hard_fault_exception
                0x00000000080049a4      0x168 build/kernel/libcpu/arm/cortex-m3/cpuport.o
                0x00000000080049a4                rt_hw_hard_fault_exception
 .text.__rt_ffs
                0x0000000008004b0c       0x28 build/kernel/libcpu/arm/cortex-m3/cpuport.o
                0x0000000008004b0c                __rt_ffs
 .text.rt_pin_mode
                0x0000000008004b34       0x40 build/kernel/components/drivers/misc/pin.o
                0x0000000008004b34                rt_pin_mode
 .text.rt_pin_write
                0x0000000008004b74       0x40 build/kernel/components/drivers/misc/pin.o
                0x0000000008004b74                rt_pin_write
 .text.rt_pin_read
                0x0000000008004bb4       0x3c build/kernel/components/drivers/misc/pin.o
                0x0000000008004bb4                rt_pin_read
 .text._serial_poll_rx
                0x0000000008004bf0       0x74 build/kernel/components/drivers/serial/serial.o
 .text._serial_poll_tx
                0x0000000008004c64       0x7c build/kernel/components/drivers/serial/serial.o
 .text._serial_int_rx
                0x0000000008004ce0       0xd8 build/kernel/components/drivers/serial/serial.o
 .text._serial_int_tx
                0x0000000008004db8       0x90 build/kernel/components/drivers/serial/serial.o
 .text._serial_check_buffer_size
                0x0000000008004e48       0x38 build/kernel/components/drivers/serial/serial.o
 .text.rt_serial_init
                0x0000000008004e80       0x5c build/kernel/components/drivers/serial/serial.o
 .text.rt_serial_open
                0x0000000008004edc      0x20c build/kernel/components/drivers/serial/serial.o
 .text.rt_serial_close
                0x00000000080050e8       0xe0 build/kernel/components/drivers/serial/serial.o
 .text.rt_serial_read
                0x00000000080051c8       0x68 build/kernel/components/drivers/serial/serial.o
 .text.rt_serial_write
                0x0000000008005230       0x68 build/kernel/components/drivers/serial/serial.o
 .text.rt_serial_control
                0x0000000008005298       0xd0 build/kernel/components/drivers/serial/serial.o
 .text.rt_hw_serial_register
                0x0000000008005368       0x9c build/kernel/components/drivers/serial/serial.o
                0x0000000008005368                rt_hw_serial_register
 .text.rt_hw_serial_isr
                0x0000000008005404      0x14c build/kernel/components/drivers/serial/serial.o
                0x0000000008005404                rt_hw_serial_isr
 .text.rt_list_init
                0x0000000008005550       0x20 build/kernel/components/drivers/src/completion.o
 .text.rt_list_insert_before
                0x0000000008005570       0x30 build/kernel/components/drivers/src/completion.o
 .text.rt_list_isempty
                0x00000000080055a0       0x22 build/kernel/components/drivers/src/completion.o
 *fill*         0x00000000080055c2        0x2 00000000
 .text.rt_completion_init
                0x00000000080055c4       0x44 build/kernel/components/drivers/src/completion.o
                0x00000000080055c4                rt_completion_init
 .text.rt_completion_wait
                0x0000000008005608       0xfc build/kernel/components/drivers/src/completion.o
                0x0000000008005608                rt_completion_wait
 .text.rt_completion_done
                0x0000000008005704       0x70 build/kernel/components/drivers/src/completion.o
                0x0000000008005704                rt_completion_done
 .text.finsh_get_prompt
                0x0000000008005774       0xa0 build/kernel/components/finsh/shell.o
                0x0000000008005774                finsh_get_prompt
 .text.finsh_set_prompt_mode
                0x0000000008005814       0x48 build/kernel/components/finsh/shell.o
                0x0000000008005814                finsh_set_prompt_mode
 .text.finsh_getchar
                0x000000000800585c       0x5c build/kernel/components/finsh/shell.o
 .text.finsh_rx_ind
                0x00000000080058b8       0x3c build/kernel/components/finsh/shell.o
 .text.finsh_set_device
                0x00000000080058f4       0xd8 build/kernel/components/finsh/shell.o
                0x00000000080058f4                finsh_set_device
 .text.shell_auto_complete
                0x00000000080059cc       0x40 build/kernel/components/finsh/shell.o
 .text.shell_handle_history
                0x0000000008005a0c       0x34 build/kernel/components/finsh/shell.o
 .text.shell_push_history
                0x0000000008005a40      0x15e build/kernel/components/finsh/shell.o
 *fill*         0x0000000008005b9e        0x2 00000000
 .text.finsh_thread_entry
                0x0000000008005ba0      0x5d8 build/kernel/components/finsh/shell.o
                0x0000000008005ba0                finsh_thread_entry
 .text.finsh_system_function_init
                0x0000000008006178       0x28 build/kernel/components/finsh/shell.o
                0x0000000008006178                finsh_system_function_init
 .text.finsh_system_var_init
                0x00000000080061a0       0x28 build/kernel/components/finsh/shell.o
                0x00000000080061a0                finsh_system_var_init
 .text.finsh_system_init
                0x00000000080061c8       0xac build/kernel/components/finsh/shell.o
                0x00000000080061c8                finsh_system_init
 .text.rt_list_isempty
                0x0000000008006274       0x22 build/kernel/components/finsh/cmd.o
 .text.rt_list_len
                0x0000000008006296       0x34 build/kernel/components/finsh/cmd.o
 *fill*         0x00000000080062ca        0x2 00000000
 .text.hello    0x00000000080062cc       0x14 build/kernel/components/finsh/cmd.o
                0x00000000080062cc                hello
 .text.version  0x00000000080062e0        0xe build/kernel/components/finsh/cmd.o
                0x00000000080062e0                version
 .text.object_name_maxlen
                0x00000000080062ee       0x6e build/kernel/components/finsh/cmd.o
 .text.object_split
                0x000000000800635c       0x28 build/kernel/components/finsh/cmd.o
 .text._list_thread
                0x0000000008006384      0x12c build/kernel/components/finsh/cmd.o
 .text.list_thread
                0x00000000080064b0       0x22 build/kernel/components/finsh/cmd.o
                0x00000000080064b0                list_thread
 *fill*         0x00000000080064d2        0x2 00000000
 .text.show_wait_queue
                0x00000000080064d4       0x50 build/kernel/components/finsh/cmd.o
 .text._list_sem
                0x0000000008006524       0xd4 build/kernel/components/finsh/cmd.o
 .text.list_sem
                0x00000000080065f8       0x22 build/kernel/components/finsh/cmd.o
                0x00000000080065f8                list_sem
 *fill*         0x000000000800661a        0x2 00000000
 .text._list_event
                0x000000000800661c       0xc4 build/kernel/components/finsh/cmd.o
 .text.list_event
                0x00000000080066e0       0x22 build/kernel/components/finsh/cmd.o
                0x00000000080066e0                list_event
 *fill*         0x0000000008006702        0x2 00000000
 .text._list_mutex
                0x0000000008006704       0x94 build/kernel/components/finsh/cmd.o
 .text.list_mutex
                0x0000000008006798       0x22 build/kernel/components/finsh/cmd.o
                0x0000000008006798                list_mutex
 *fill*         0x00000000080067ba        0x2 00000000
 .text._list_mailbox
                0x00000000080067bc       0xe4 build/kernel/components/finsh/cmd.o
 .text.list_mailbox
                0x00000000080068a0       0x22 build/kernel/components/finsh/cmd.o
                0x00000000080068a0                list_mailbox
 *fill*         0x00000000080068c2        0x2 00000000
 .text._list_msgqueue
                0x00000000080068c4       0xd4 build/kernel/components/finsh/cmd.o
 .text.list_msgqueue
                0x0000000008006998       0x22 build/kernel/components/finsh/cmd.o
                0x0000000008006998                list_msgqueue
 *fill*         0x00000000080069ba        0x2 00000000
 .text._list_mempool
                0x00000000080069bc       0xf0 build/kernel/components/finsh/cmd.o
 .text.list_mempool
                0x0000000008006aac       0x22 build/kernel/components/finsh/cmd.o
                0x0000000008006aac                list_mempool
 *fill*         0x0000000008006ace        0x2 00000000
 .text._list_timer
                0x0000000008006ad0       0xb0 build/kernel/components/finsh/cmd.o
 .text.list_timer
                0x0000000008006b80       0x22 build/kernel/components/finsh/cmd.o
                0x0000000008006b80                list_timer
 *fill*         0x0000000008006ba2        0x2 00000000
 .text._list_device
                0x0000000008006ba4       0xa8 build/kernel/components/finsh/cmd.o
 .text.list_device
                0x0000000008006c4c       0x22 build/kernel/components/finsh/cmd.o
                0x0000000008006c4c                list_device
 *fill*         0x0000000008006c6e        0x2 00000000
 .text.list     0x0000000008006c70       0x6c build/kernel/components/finsh/cmd.o
                0x0000000008006c70                list
 .text.msh_is_used
                0x0000000008006cdc        0xe build/kernel/components/finsh/msh.o
                0x0000000008006cdc                msh_is_used
 *fill*         0x0000000008006cea        0x2 00000000
 .text.msh_help
                0x0000000008006cec       0x7c build/kernel/components/finsh/msh.o
                0x0000000008006cec                msh_help
 .text.cmd_ps   0x0000000008006d68       0x18 build/kernel/components/finsh/msh.o
                0x0000000008006d68                cmd_ps
 .text.cmd_free
                0x0000000008006d80       0x18 build/kernel/components/finsh/msh.o
                0x0000000008006d80                cmd_free
 .text.msh_split
                0x0000000008006d98      0x170 build/kernel/components/finsh/msh.o
 .text.msh_get_cmd
                0x0000000008006f08       0x80 build/kernel/components/finsh/msh.o
 .text._msh_exec_cmd
                0x0000000008006f88       0xd4 build/kernel/components/finsh/msh.o
 .text.msh_exec
                0x000000000800705c       0x84 build/kernel/components/finsh/msh.o
                0x000000000800705c                msh_exec
 .text.str_common
                0x00000000080070e0       0x48 build/kernel/components/finsh/msh.o
 .text.msh_auto_complete
                0x0000000008007128       0xd0 build/kernel/components/finsh/msh.o
                0x0000000008007128                msh_auto_complete
 .text.libc_system_init
                0x00000000080071f8        0xe build/kernel/components/libc/compilers/newlib/libc.o
                0x00000000080071f8                libc_system_init
 *fill*         0x0000000008007206        0x2 00000000
 .text.memcmp   0x0000000008007208       0x60 /opt/gcc-arm-none-eabi-6_2-2016q4/bin/../lib/gcc/arm-none-eabi/6.2.1/../../../../arm-none-eabi/lib/thumb/v7-m/libc.a(lib_a-memcmp.o)
                0x0000000008007208                memcmp
 .text.memset   0x0000000008007268       0x9c /opt/gcc-arm-none-eabi-6_2-2016q4/bin/../lib/gcc/arm-none-eabi/6.2.1/../../../../arm-none-eabi/lib/thumb/v7-m/libc.a(lib_a-memset.o)
                0x0000000008007268                memset
 .text.strlen   0x0000000008007304       0x5c /opt/gcc-arm-none-eabi-6_2-2016q4/bin/../lib/gcc/arm-none-eabi/6.2.1/../../../../arm-none-eabi/lib/thumb/v7-m/libc.a(lib_a-strlen-stub.o)
                0x0000000008007304                strlen
 .text.strncmp  0x0000000008007360       0xa0 /opt/gcc-arm-none-eabi-6_2-2016q4/bin/../lib/gcc/arm-none-eabi/6.2.1/../../../../arm-none-eabi/lib/thumb/v7-m/libc.a(lib_a-strncmp.o)
                0x0000000008007360                strncmp
 .text.strncpy  0x0000000008007400       0x64 /opt/gcc-arm-none-eabi-6_2-2016q4/bin/../lib/gcc/arm-none-eabi/6.2.1/../../../../arm-none-eabi/lib/thumb/v7-m/libc.a(lib_a-strncpy.o)
                0x0000000008007400                strncpy
 *(.rodata)
 .rodata        0x0000000008007464       0x10 build/applications/main.o
 .rodata        0x0000000008007474        0x6 build/board/board.o
 *fill*         0x000000000800747a        0x2 00000000
 .rodata        0x000000000800747c       0x34 build/board/drv_usart.o
 .rodata        0x00000000080074b0       0x17 build/kernel/src/components.o
 *fill*         0x00000000080074c7        0x1 00000000
 .rodata        0x00000000080074c8      0x10c build/kernel/src/device.o
 .rodata        0x00000000080075d4       0x32 build/kernel/src/idle.o
 *fill*         0x0000000008007606        0x2 00000000
 .rodata        0x0000000008007608      0x476 build/kernel/src/ipc.o
 *fill*         0x0000000008007a7e        0x2 00000000
 .rodata        0x0000000008007a80       0xc7 build/kernel/src/kservice.o
 *fill*         0x0000000008007b47        0x1 00000000
 .rodata        0x0000000008007b48      0x2fa build/kernel/src/mem.o
 *fill*         0x0000000008007e42        0x2 00000000
 .rodata        0x0000000008007e44       0x91 build/kernel/src/object.o
 *fill*         0x0000000008007ed5        0x3 00000000
 .rodata        0x0000000008007ed8       0x65 build/kernel/src/scheduler.o
 *fill*         0x0000000008007f3d        0x3 00000000
 .rodata        0x0000000008007f40      0x19b build/kernel/src/thread.o
 *fill*         0x00000000080080db        0x1 00000000
 .rodata        0x00000000080080dc       0xd7 build/kernel/src/timer.o
 *fill*         0x00000000080081b3        0x1 00000000
 .rodata        0x00000000080081b4      0x2be build/kernel/libcpu/arm/cortex-m3/cpuport.o
 *fill*         0x0000000008008472        0x2 00000000
 .rodata        0x0000000008008474       0x27 build/kernel/components/drivers/misc/pin.o
 *fill*         0x000000000800849b        0x1 00000000
 .rodata        0x000000000800849c       0xcf build/kernel/components/drivers/serial/serial.o
 *fill*         0x000000000800856b        0x1 00000000
 .rodata        0x000000000800856c       0x72 build/kernel/components/drivers/src/completion.o
 *fill*         0x00000000080085de        0x2 00000000
 .rodata        0x00000000080085e0       0x99 build/kernel/components/finsh/shell.o
 *fill*         0x0000000008008679        0x3 00000000
 .rodata        0x000000000800867c      0x67d build/kernel/components/finsh/cmd.o
 *fill*         0x0000000008008cf9        0x3 00000000
 .rodata        0x0000000008008cfc       0x80 build/kernel/components/finsh/msh.o
 *(.rodata*)
 .rodata.stm32_uart_ops
                0x0000000008008d7c       0x14 build/board/drv_usart.o
 .rodata.__FUNCTION__.9051
                0x0000000008008d90       0x10 build/board/drv_usart.o
 .rodata.__FUNCTION__.9058
                0x0000000008008da0        0xe build/board/drv_usart.o
 *fill*         0x0000000008008dae        0x2 00000000
 .rodata.__FUNCTION__.9067
                0x0000000008008db0        0xb build/board/drv_usart.o
 *fill*         0x0000000008008dbb        0x1 00000000
 .rodata.__FUNCTION__.9076
                0x0000000008008dbc        0xb build/board/drv_usart.o
 *fill*         0x0000000008008dc7        0x1 00000000
 .rodata.__FUNCTION__.5666
                0x0000000008008dc8       0x14 build/kernel/src/components.o
 .rodata.__FUNCTION__.5558
                0x0000000008008ddc        0xf build/kernel/src/device.o
 *fill*         0x0000000008008deb        0x1 00000000
 .rodata.__FUNCTION__.5582
                0x0000000008008dec        0xf build/kernel/src/device.o
 *fill*         0x0000000008008dfb        0x1 00000000
 .rodata.__FUNCTION__.5587
                0x0000000008008dfc       0x10 build/kernel/src/device.o
 .rodata.__FUNCTION__.5594
                0x0000000008008e0c        0xf build/kernel/src/device.o
 *fill*         0x0000000008008e1b        0x1 00000000
 .rodata.__FUNCTION__.5601
                0x0000000008008e1c       0x10 build/kernel/src/device.o
 .rodata.__FUNCTION__.5614
                0x0000000008008e2c       0x1a build/kernel/src/device.o
 *fill*         0x0000000008008e46        0x2 00000000
 .rodata.__FUNCTION__.5649
                0x0000000008008e48       0x16 build/kernel/src/idle.o
 *fill*         0x0000000008008e5e        0x2 00000000
 .rodata.__FUNCTION__.5654
                0x0000000008008e60        0xc build/kernel/src/ipc.o
 .rodata.__FUNCTION__.5678
                0x0000000008008e6c        0xc build/kernel/src/ipc.o
 .rodata.__FUNCTION__.5689
                0x0000000008008e78        0xf build/kernel/src/ipc.o
 *fill*         0x0000000008008e87        0x1 00000000
 .rodata.large_digits.5788
                0x0000000008008e88       0x11 build/kernel/src/kservice.o
 *fill*         0x0000000008008e99        0x3 00000000
 .rodata.small_digits.5787
                0x0000000008008e9c       0x11 build/kernel/src/kservice.o
 *fill*         0x0000000008008ead        0x3 00000000
 .rodata.name   0x0000000008008eb0       0x2a build/kernel/src/mem.o
                0x0000000008008eb0                __fsym_list_mem_name
                0x0000000008008ebc                __fsym_list_mem_desc
 *fill*         0x0000000008008eda        0x2 00000000
 .rodata.__FUNCTION__.5645
                0x0000000008008edc        0xb build/kernel/src/mem.o
 *fill*         0x0000000008008ee7        0x1 00000000
 .rodata.__FUNCTION__.5654
                0x0000000008008ee8       0x14 build/kernel/src/mem.o
 .rodata.__FUNCTION__.5663
                0x0000000008008efc        0xa build/kernel/src/mem.o
 *fill*         0x0000000008008f06        0x2 00000000
 .rodata.__FUNCTION__.5692
                0x0000000008008f08        0x8 build/kernel/src/mem.o
 .rodata.__FUNCTION__.5674
                0x0000000008008f10        0xf build/kernel/src/object.o
 *fill*         0x0000000008008f1f        0x1 00000000
 .rodata.__FUNCTION__.5683
                0x0000000008008f20       0x11 build/kernel/src/object.o
 *fill*         0x0000000008008f31        0x3 00000000
 .rodata.__FUNCTION__.5692
                0x0000000008008f34       0x13 build/kernel/src/object.o
 *fill*         0x0000000008008f47        0x1 00000000
 .rodata.__FUNCTION__.5697
                0x0000000008008f48       0x11 build/kernel/src/object.o
 *fill*         0x0000000008008f59        0x3 00000000
 .rodata.__FUNCTION__.5701
                0x0000000008008f5c       0x1a build/kernel/src/object.o
 *fill*         0x0000000008008f76        0x2 00000000
 .rodata.__FUNCTION__.5705
                0x0000000008008f78       0x13 build/kernel/src/object.o
 *fill*         0x0000000008008f8b        0x1 00000000
 .rodata.__FUNCTION__.5632
                0x0000000008008f8c       0x1a build/kernel/src/scheduler.o
 *fill*         0x0000000008008fa6        0x2 00000000
 .rodata.__FUNCTION__.5663
                0x0000000008008fa8       0x1a build/kernel/src/scheduler.o
 *fill*         0x0000000008008fc2        0x2 00000000
 .rodata.__FUNCTION__.5668
                0x0000000008008fc4       0x1a build/kernel/src/scheduler.o
 *fill*         0x0000000008008fde        0x2 00000000
 .rodata.__FUNCTION__.5651
                0x0000000008008fe0       0x10 build/kernel/src/thread.o
 .rodata.__FUNCTION__.5663
                0x0000000008008ff0        0xf build/kernel/src/thread.o
 *fill*         0x0000000008008fff        0x1 00000000
 .rodata.__FUNCTION__.5670
                0x0000000008009000       0x12 build/kernel/src/thread.o
 *fill*         0x0000000008009012        0x2 00000000
 .rodata.__FUNCTION__.5702
                0x0000000008009014       0x10 build/kernel/src/thread.o
 .rodata.__FUNCTION__.5733
                0x0000000008009024       0x12 build/kernel/src/thread.o
 *fill*         0x0000000008009036        0x2 00000000
 .rodata.__FUNCTION__.5738
                0x0000000008009038       0x11 build/kernel/src/thread.o
 *fill*         0x0000000008009049        0x3 00000000
 .rodata.__FUNCTION__.5743
                0x000000000800904c       0x12 build/kernel/src/thread.o
 *fill*         0x000000000800905e        0x2 00000000
 .rodata.__FUNCTION__.5663
                0x0000000008009060        0xe build/kernel/src/timer.o
 *fill*         0x000000000800906e        0x2 00000000
 .rodata.__FUNCTION__.5668
                0x0000000008009070       0x10 build/kernel/src/timer.o
 .rodata.__FUNCTION__.5692
                0x0000000008009080        0xf build/kernel/src/timer.o
 *fill*         0x000000000800908f        0x1 00000000
 .rodata.__FUNCTION__.5709
                0x0000000008009090        0xe build/kernel/src/timer.o
 *fill*         0x000000000800909e        0x2 00000000
 .rodata.__FUNCTION__.5715
                0x00000000080090a0       0x11 build/kernel/src/timer.o
 *fill*         0x00000000080090b1        0x3 00000000
 .rodata.name   0x00000000080090b4       0x6e build/kernel/components/drivers/misc/pin.o
                0x00000000080090b4                __fsym_pinMode_name
                0x00000000080090bc                __fsym_pinMode_desc
                0x00000000080090d4                __fsym_pinWrite_name
                0x00000000080090e0                __fsym_pinWrite_desc
                0x00000000080090fc                __fsym_pinRead_name
                0x0000000008009104                __fsym_pinRead_desc
 *fill*         0x0000000008009122        0x2 00000000
 .rodata.__FUNCTION__.7482
                0x0000000008009124        0xc build/kernel/components/drivers/misc/pin.o
 .rodata.__FUNCTION__.7490
                0x0000000008009130        0xd build/kernel/components/drivers/misc/pin.o
 *fill*         0x000000000800913d        0x3 00000000
 .rodata.__FUNCTION__.7497
                0x0000000008009140        0xc build/kernel/components/drivers/misc/pin.o
 .rodata.__FUNCTION__.6057
                0x000000000800914c        0xf build/kernel/components/drivers/serial/serial.o
 *fill*         0x000000000800915b        0x1 00000000
 .rodata.__FUNCTION__.6064
                0x000000000800915c        0xf build/kernel/components/drivers/serial/serial.o
 *fill*         0x000000000800916b        0x1 00000000
 .rodata.__FUNCTION__.6071
                0x000000000800916c       0x10 build/kernel/components/drivers/serial/serial.o
 .rodata.__FUNCTION__.6081
                0x000000000800917c        0xf build/kernel/components/drivers/serial/serial.o
 *fill*         0x000000000800918b        0x1 00000000
 .rodata.__FUNCTION__.6031
                0x000000000800918c        0xf build/kernel/components/drivers/serial/serial.o
 *fill*         0x000000000800919b        0x1 00000000
 .rodata.__FUNCTION__.6010
                0x000000000800919c       0x10 build/kernel/components/drivers/serial/serial.o
 .rodata.__FUNCTION__.6089
                0x00000000080091ac       0x10 build/kernel/components/drivers/serial/serial.o
 .rodata.__FUNCTION__.6044
                0x00000000080091bc        0xf build/kernel/components/drivers/serial/serial.o
 *fill*         0x00000000080091cb        0x1 00000000
 .rodata.__FUNCTION__.6020
                0x00000000080091cc       0x10 build/kernel/components/drivers/serial/serial.o
 .rodata.__FUNCTION__.6097
                0x00000000080091dc       0x12 build/kernel/components/drivers/serial/serial.o
 *fill*         0x00000000080091ee        0x2 00000000
 .rodata.__FUNCTION__.6112
                0x00000000080091f0       0x16 build/kernel/components/drivers/serial/serial.o
 *fill*         0x0000000008009206        0x2 00000000
 .rodata.__FUNCTION__.6121
                0x0000000008009208       0x11 build/kernel/components/drivers/serial/serial.o
 *fill*         0x0000000008009219        0x3 00000000
 .rodata.__FUNCTION__.6007
                0x000000000800921c       0x13 build/kernel/components/drivers/src/completion.o
 *fill*         0x000000000800922f        0x1 00000000
 .rodata.__FUNCTION__.6015
                0x0000000008009230       0x13 build/kernel/components/drivers/src/completion.o
 *fill*         0x0000000008009243        0x1 00000000
 .rodata.__FUNCTION__.6022
                0x0000000008009244       0x13 build/kernel/components/drivers/src/completion.o
 *fill*         0x0000000008009257        0x1 00000000
 .rodata.__FUNCTION__.7181
                0x0000000008009258       0x16 build/kernel/components/finsh/shell.o
 *fill*         0x000000000800926e        0x2 00000000
 .rodata.__FUNCTION__.7186
                0x0000000008009270        0xe build/kernel/components/finsh/shell.o
 *fill*         0x000000000800927e        0x2 00000000
 .rodata.__FUNCTION__.7194
                0x0000000008009280        0xd build/kernel/components/finsh/shell.o
 *fill*         0x000000000800928d        0x3 00000000
 .rodata.__FUNCTION__.7199
                0x0000000008009290       0x11 build/kernel/components/finsh/shell.o
 *fill*         0x00000000080092a1        0x3 00000000
 .rodata.name   0x00000000080092a4      0x37a build/kernel/components/finsh/cmd.o
                0x00000000080092a4                __fsym_hello_name
                0x00000000080092ac                __fsym_hello_desc
                0x00000000080092bc                __fsym_version_name
                0x00000000080092c4                __fsym_version_desc
                0x00000000080092e8                __fsym___cmd_version_name
                0x00000000080092f8                __fsym___cmd_version_desc
                0x000000000800931c                __fsym_list_thread_name
                0x0000000008009328                __fsym_list_thread_desc
                0x0000000008009334                __fsym___cmd_list_thread_name
                0x0000000008009348                __fsym___cmd_list_thread_desc
                0x0000000008009354                __fsym_list_sem_name
                0x0000000008009360                __fsym_list_sem_desc
                0x000000000800937c                __fsym___cmd_list_sem_name
                0x000000000800938c                __fsym___cmd_list_sem_desc
                0x00000000080093a8                __fsym_list_event_name
                0x00000000080093b4                __fsym_list_event_desc
                0x00000000080093cc                __fsym___cmd_list_event_name
                0x00000000080093e0                __fsym___cmd_list_event_desc
                0x00000000080093f8                __fsym_list_mutex_name
                0x0000000008009404                __fsym_list_mutex_desc
                0x000000000800941c                __fsym___cmd_list_mutex_name
                0x0000000008009430                __fsym___cmd_list_mutex_desc
                0x0000000008009448                __fsym_list_mailbox_name
                0x0000000008009458                __fsym_list_mailbox_desc
                0x0000000008009470                __fsym___cmd_list_mailbox_name
                0x0000000008009484                __fsym___cmd_list_mailbox_desc
                0x000000000800949c                __fsym_list_msgqueue_name
                0x00000000080094ac                __fsym_list_msgqueue_desc
                0x00000000080094cc                __fsym___cmd_list_msgqueue_name
                0x00000000080094e0                __fsym___cmd_list_msgqueue_desc
                0x0000000008009500                __fsym_list_mempool_name
                0x0000000008009510                __fsym_list_mempool_desc
                0x000000000800952c                __fsym___cmd_list_mempool_name
                0x0000000008009540                __fsym___cmd_list_mempool_desc
                0x000000000800955c                __fsym_list_timer_name
                0x0000000008009568                __fsym_list_timer_desc
                0x0000000008009580                __fsym___cmd_list_timer_name
                0x0000000008009594                __fsym___cmd_list_timer_desc
                0x00000000080095ac                __fsym_list_device_name
                0x00000000080095b8                __fsym_list_device_desc
                0x00000000080095d0                __fsym___cmd_list_device_name
                0x00000000080095e4                __fsym___cmd_list_device_desc
                0x00000000080095fc                __fsym_list_name
                0x0000000008009604                __fsym_list_desc
 *fill*         0x000000000800961e        0x2 00000000
 .rodata.name   0x0000000008009620       0x7d build/kernel/components/finsh/msh.o
                0x0000000008009620                __fsym___cmd_help_name
                0x000000000800962c                __fsym___cmd_help_desc
                0x0000000008009644                __fsym___cmd_ps_name
                0x0000000008009650                __fsym___cmd_ps_desc
                0x000000000800966c                __fsym___cmd_free_name
                0x0000000008009678                __fsym___cmd_free_desc
 *fill*         0x000000000800969d        0x3 00000000
 .rodata.__FUNCTION__.7175
                0x00000000080096a0        0xe build/kernel/components/finsh/msh.o
 *(.glue_7)
 .glue_7        0x00000000080096ae        0x0 linker stubs
 *(.glue_7t)
 .glue_7t       0x00000000080096ae        0x0 linker stubs
 *(.gnu.linkonce.t*)
                0x00000000080096b0                . = ALIGN (0x4)
 *fill*         0x00000000080096ae        0x2 00000000
                0x00000000080096b0                __fsymtab_start = .
 *(FSymTab)
 FSymTab        0x00000000080096b0        0xc build/kernel/src/mem.o
                0x00000000080096b0                __fsym_list_mem
 FSymTab        0x00000000080096bc       0x24 build/kernel/components/drivers/misc/pin.o
                0x00000000080096bc                __fsym_pinMode
                0x00000000080096c8                __fsym_pinWrite
                0x00000000080096d4                __fsym_pinRead
 FSymTab        0x00000000080096e0      0x108 build/kernel/components/finsh/cmd.o
                0x00000000080096e0                __fsym_hello
                0x00000000080096ec                __fsym_version
                0x00000000080096f8                __fsym___cmd_version
                0x0000000008009704                __fsym_list_thread
                0x0000000008009710                __fsym___cmd_list_thread
                0x000000000800971c                __fsym_list_sem
                0x0000000008009728                __fsym___cmd_list_sem
                0x0000000008009734                __fsym_list_event
                0x0000000008009740                __fsym___cmd_list_event
                0x000000000800974c                __fsym_list_mutex
                0x0000000008009758                __fsym___cmd_list_mutex
                0x0000000008009764                __fsym_list_mailbox
                0x0000000008009770                __fsym___cmd_list_mailbox
                0x000000000800977c                __fsym_list_msgqueue
                0x0000000008009788                __fsym___cmd_list_msgqueue
                0x0000000008009794                __fsym_list_mempool
                0x00000000080097a0                __fsym___cmd_list_mempool
                0x00000000080097ac                __fsym_list_timer
                0x00000000080097b8                __fsym___cmd_list_timer
                0x00000000080097c4                __fsym_list_device
                0x00000000080097d0                __fsym___cmd_list_device
                0x00000000080097dc                __fsym_list
 FSymTab        0x00000000080097e8       0x24 build/kernel/components/finsh/msh.o
                0x00000000080097e8                __fsym___cmd_help
                0x00000000080097f4                __fsym___cmd_ps
                0x0000000008009800                __fsym___cmd_free
                0x000000000800980c                __fsymtab_end = .
                0x000000000800980c                . = ALIGN (0x4)
                0x000000000800980c                __vsymtab_start = .
 *(VSymTab)
                0x000000000800980c                __vsymtab_end = .
                0x000000000800980c                . = ALIGN (0x4)
                0x000000000800980c                __rt_init_start = .
 *(SORT(.rti_fn*))
 .rti_fn.0      0x000000000800980c        0x4 build/kernel/src/components.o
                0x000000000800980c                __rt_init_rti_start
 .rti_fn.0.end  0x0000000008009810        0x4 build/kernel/src/components.o
                0x0000000008009810                __rt_init_rti_board_start
 .rti_fn.1.end  0x0000000008009814        0x4 build/kernel/src/components.o
                0x0000000008009814                __rt_init_rti_board_end
 .rti_fn.4      0x0000000008009818        0x4 build/kernel/components/libc/compilers/newlib/libc.o
                0x0000000008009818                __rt_init_libc_system_init
 .rti_fn.6      0x000000000800981c        0x4 build/kernel/components/finsh/shell.o
                0x000000000800981c                __rt_init_finsh_system_init
 .rti_fn.6.end  0x0000000008009820        0x4 build/kernel/src/components.o
                0x0000000008009820                __rt_init_rti_end
                0x0000000008009824                __rt_init_end = .
                0x0000000008009824                . = ALIGN (0x4)
                [!provide]                        PROVIDE (__ctors_start__, .)
 *(SORT(.init_array.*))
 *(.init_array)
 .init_array    0x0000000008009824        0x4 /opt/gcc-arm-none-eabi-6_2-2016q4/bin/../lib/gcc/arm-none-eabi/6.2.1/thumb/v7-m/crtbegin.o
                [!provide]                        PROVIDE (__ctors_end__, .)
                0x0000000008009828                . = ALIGN (0x4)
                0x0000000008009828                _etext = .
                0x0000000008009828                __exidx_start = .

.vfp11_veneer   0x0000000008009828        0x0
 .vfp11_veneer  0x0000000008009828        0x0 linker stubs

.v4_bx          0x0000000008009828        0x0
 .v4_bx         0x0000000008009828        0x0 linker stubs

.init           0x0000000008009828        0x4
 .init          0x0000000008009828        0x4 /opt/gcc-arm-none-eabi-6_2-2016q4/bin/../lib/gcc/arm-none-eabi/6.2.1/thumb/v7-m/crti.o
                0x0000000008009828                _init

.fini           0x000000000800982c        0x4
 .fini          0x000000000800982c        0x4 /opt/gcc-arm-none-eabi-6_2-2016q4/bin/../lib/gcc/arm-none-eabi/6.2.1/thumb/v7-m/crti.o
                0x000000000800982c                _fini

.iplt           0x0000000008009830        0x0
 .iplt          0x0000000008009830        0x0 /opt/gcc-arm-none-eabi-6_2-2016q4/bin/../lib/gcc/arm-none-eabi/6.2.1/thumb/v7-m/crtbegin.o

.eh_frame       0x0000000008009830        0x0
 .eh_frame      0x0000000008009830        0x0 /opt/gcc-arm-none-eabi-6_2-2016q4/bin/../lib/gcc/arm-none-eabi/6.2.1/thumb/v7-m/crtbegin.o

.rel.dyn        0x0000000008009830        0x0
 .rel.iplt      0x0000000008009830        0x0 /opt/gcc-arm-none-eabi-6_2-2016q4/bin/../lib/gcc/arm-none-eabi/6.2.1/thumb/v7-m/crtbegin.o

.ARM.exidx      0x0000000008009830        0x0
 *(.ARM.exidx* .gnu.linkonce.armexidx.*)
                0x0000000008009830                _sidata = .
                0x0000000008009830                __exidx_end = .

.data           0x0000000020000000       0xb0 load address 0x0000000008009830
                0x0000000020000000                . = ALIGN (0x4)
                0x0000000020000000                _sdata = .
 *(.data)
 *(.data.*)
 .data.uart1    0x0000000020000000        0x8 build/board/drv_usart.o
                0x0000000020000000                uart1
 .data.APBAHBPrescTable
                0x0000000020000008       0x10 build/Libraries/STM32F10x_StdPeriph_Driver/src/stm32f10x_rcc.o
 .data.ADCPrescTable
                0x0000000020000018        0x4 build/Libraries/STM32F10x_StdPeriph_Driver/src/stm32f10x_rcc.o
 .data.SystemCoreClock
                0x000000002000001c        0x4 Libraries/CMSIS/ST/STM32F10x/system_stm32f10x.o
                0x000000002000001c                SystemCoreClock
 .data.rt_object_container
                0x0000000020000020       0x90 build/kernel/src/object.o
 *(.gnu.linkonce.d*)
                [!provide]                        PROVIDE (__dtors_start__, .)
 *(SORT(.dtors.*))
 *(.dtors)
                [!provide]                        PROVIDE (__dtors_end__, .)
                0x00000000200000b0                . = ALIGN (0x4)
                0x00000000200000b0                _edata = .

.jcr            0x00000000200000b0        0x0 load address 0x00000000080098e0
 .jcr           0x00000000200000b0        0x0 /opt/gcc-arm-none-eabi-6_2-2016q4/bin/../lib/gcc/arm-none-eabi/6.2.1/thumb/v7-m/crtbegin.o

.igot.plt       0x00000000200000b0        0x0 load address 0x00000000080098e0
 .igot.plt      0x00000000200000b0        0x0 /opt/gcc-arm-none-eabi-6_2-2016q4/bin/../lib/gcc/arm-none-eabi/6.2.1/thumb/v7-m/crtbegin.o

.stack          0x00000000200000b0      0x200 load address 0x00000000080098e0
                0x00000000200000b0                . = ALIGN (0x4)
                0x00000000200000b0                _sstack = .
                0x00000000200002b0                . = (. + _system_stack_size)
 *fill*         0x00000000200000b0      0x200 
                0x00000000200002b0                . = ALIGN (0x4)
                0x00000000200002b0                _estack = .
                0x00000000200002b0                __bss_start = .

.bss            0x00000000200002b0      0x7a0 load address 0x0000000008009ae0
                0x00000000200002b0                . = ALIGN (0x4)
                0x00000000200002b0                _sbss = .
 *(.bss)
 .bss           0x00000000200002b0       0x1c /opt/gcc-arm-none-eabi-6_2-2016q4/bin/../lib/gcc/arm-none-eabi/6.2.1/thumb/v7-m/crtbegin.o
 *(.bss.*)
 .bss.thread1.8594
                0x00000000200002cc       0x80 build/applications/main.o
 .bss.stack.8595
                0x000000002000034c      0x200 build/applications/main.o
 .bss.rt_tick   0x000000002000054c        0x4 build/kernel/src/clock.o
 .bss.idle      0x0000000020000550       0x80 build/kernel/src/idle.o
 .bss.rt_thread_stack
                0x00000000200005d0      0x100 build/kernel/src/idle.o
 .bss.idle_hook_list
                0x00000000200006d0       0x10 build/kernel/src/idle.o
 .bss.rt_interrupt_enter_hook
                0x00000000200006e0        0x4 build/kernel/src/irq.o
 .bss.rt_interrupt_leave_hook
                0x00000000200006e4        0x4 build/kernel/src/irq.o
 .bss.__rt_errno
                0x00000000200006e8        0x4 build/kernel/src/kservice.o
 .bss._console_device
                0x00000000200006ec        0x4 build/kernel/src/kservice.o
 .bss.rt_log_buf.5898
                0x00000000200006f0       0x80 build/kernel/src/kservice.o
 .bss.rt_malloc_hook
                0x0000000020000770        0x4 build/kernel/src/mem.o
 .bss.rt_free_hook
                0x0000000020000774        0x4 build/kernel/src/mem.o
 .bss.heap_ptr  0x0000000020000778        0x4 build/kernel/src/mem.o
 .bss.heap_end  0x000000002000077c        0x4 build/kernel/src/mem.o
 .bss.lfree     0x0000000020000780        0x4 build/kernel/src/mem.o
 .bss.heap_sem  0x0000000020000784       0x20 build/kernel/src/mem.o
 .bss.mem_size_aligned
                0x00000000200007a4        0x4 build/kernel/src/mem.o
 .bss.used_mem  0x00000000200007a8        0x4 build/kernel/src/mem.o
 .bss.max_mem   0x00000000200007ac        0x4 build/kernel/src/mem.o
 .bss.rt_object_attach_hook
                0x00000000200007b0        0x4 build/kernel/src/object.o
 .bss.rt_object_detach_hook
                0x00000000200007b4        0x4 build/kernel/src/object.o
 .bss.rt_scheduler_lock_nest
                0x00000000200007b8        0x2 build/kernel/src/scheduler.o
 *fill*         0x00000000200007ba        0x2 
 .bss.rt_scheduler_hook
                0x00000000200007bc        0x4 build/kernel/src/scheduler.o
 .bss.rt_thread_suspend_hook
                0x00000000200007c0        0x4 build/kernel/src/thread.o
 .bss.rt_thread_resume_hook
                0x00000000200007c4        0x4 build/kernel/src/thread.o
 .bss.rt_thread_inited_hook
                0x00000000200007c8        0x4 build/kernel/src/thread.o
 .bss.rt_timer_list
                0x00000000200007cc        0x8 build/kernel/src/timer.o
 .bss.rt_timer_enter_hook
                0x00000000200007d4        0x4 build/kernel/src/timer.o
 .bss.rt_timer_exit_hook
                0x00000000200007d8        0x4 build/kernel/src/timer.o
 .bss.random_nr.5691
                0x00000000200007dc        0x4 build/kernel/src/timer.o
 .bss.rt_exception_hook
                0x00000000200007e0        0x4 build/kernel/libcpu/arm/cortex-m3/cpuport.o
 .bss._hw_pin   0x00000000200007e4       0x44 build/kernel/components/drivers/misc/pin.o
 .bss.already_output.6051
                0x0000000020000828        0x4 build/kernel/components/drivers/serial/serial.o
 .bss._syscall_table_begin
                0x000000002000082c        0x4 build/kernel/components/finsh/shell.o
                0x000000002000082c                _syscall_table_begin
 .bss._syscall_table_end
                0x0000000020000830        0x4 build/kernel/components/finsh/shell.o
                0x0000000020000830                _syscall_table_end
 .bss._sysvar_table_begin
                0x0000000020000834        0x4 build/kernel/components/finsh/shell.o
                0x0000000020000834                _sysvar_table_begin
 .bss._sysvar_table_end
                0x0000000020000838        0x4 build/kernel/components/finsh/shell.o
                0x0000000020000838                _sysvar_table_end
 .bss.finsh_prompt_custom
                0x000000002000083c        0x4 build/kernel/components/finsh/shell.o
 .bss.finsh_prompt.7173
                0x0000000020000840       0x81 build/kernel/components/finsh/shell.o
 *(COMMON)
 *fill*         0x00000000200008c1        0x3 
 COMMON         0x00000000200008c4       0x54 build/board/drv_usart.o
                0x00000000200008c4                serial1
 COMMON         0x0000000020000918        0x1 build/kernel/src/irq.o
                0x0000000020000918                rt_interrupt_nest
 *fill*         0x0000000020000919        0x3 
 COMMON         0x000000002000091c        0x4 build/kernel/src/kservice.o
                0x000000002000091c                rt_assert_hook
 COMMON         0x0000000020000920        0xc build/kernel/src/object.o
                0x0000000020000920                rt_object_put_hook
                0x0000000020000924                rt_object_take_hook
                0x0000000020000928                rt_object_trytake_hook
 COMMON         0x000000002000092c      0x114 build/kernel/src/scheduler.o
                0x000000002000092c                rt_thread_priority_table
                0x0000000020000a2c                rt_current_priority
                0x0000000020000a30                rt_current_thread
                0x0000000020000a34                rt_thread_ready_priority_group
                0x0000000020000a38                rt_thread_defunct
 COMMON         0x0000000020000a40        0xc build/kernel/libcpu/arm/cortex-m3/cpuport.o
                0x0000000020000a40                rt_interrupt_to_thread
                0x0000000020000a44                rt_interrupt_from_thread
                0x0000000020000a48                rt_thread_switch_interrupt_flag
 COMMON         0x0000000020000a4c        0x4 build/kernel/components/finsh/shell.o
                0x0000000020000a4c                shell
                0x0000000020000a50                . = ALIGN (0x4)
                0x0000000020000a50                _ebss = .
 *(.bss.init)
                0x0000000020000a50                __bss_end = .
                0x0000000020000a50                _end = .

.stab
 *(.stab)

.stabstr
 *(.stabstr)

.stab.excl
 *(.stab.excl)

.stab.exclstr
 *(.stab.exclstr)

.stab.index
 *(.stab.index)

.stab.indexstr
 *(.stab.indexstr)

.comment        0x0000000000000000       0x6e
 *(.comment)
 .comment       0x0000000000000000       0x6e build/applications/main.o
                                         0x6f (size before relaxing)
 .comment       0x000000000000006e       0x6f build/board/board.o
 .comment       0x000000000000006e       0x6f build/board/drv_usart.o
 .comment       0x000000000000006e       0x6f build/Libraries/STM32F10x_StdPeriph_Driver/src/misc.o
 .comment       0x000000000000006e       0x6f build/Libraries/STM32F10x_StdPeriph_Driver/src/stm32f10x_gpio.o
 .comment       0x000000000000006e       0x6f build/Libraries/STM32F10x_StdPeriph_Driver/src/stm32f10x_rcc.o
 .comment       0x000000000000006e       0x6f build/Libraries/STM32F10x_StdPeriph_Driver/src/stm32f10x_usart.o
 .comment       0x000000000000006e       0x6f Libraries/CMSIS/ST/STM32F10x/system_stm32f10x.o
 .comment       0x000000000000006e       0x6f build/kernel/src/clock.o
 .comment       0x000000000000006e       0x6f build/kernel/src/components.o
 .comment       0x000000000000006e       0x6f build/kernel/src/device.o
 .comment       0x000000000000006e       0x6f build/kernel/src/idle.o
 .comment       0x000000000000006e       0x6f build/kernel/src/ipc.o
 .comment       0x000000000000006e       0x6f build/kernel/src/irq.o
 .comment       0x000000000000006e       0x6f build/kernel/src/kservice.o
 .comment       0x000000000000006e       0x6f build/kernel/src/mem.o
 .comment       0x000000000000006e       0x6f build/kernel/src/object.o
 .comment       0x000000000000006e       0x6f build/kernel/src/scheduler.o
 .comment       0x000000000000006e       0x6f build/kernel/src/thread.o
 .comment       0x000000000000006e       0x6f build/kernel/src/timer.o
 .comment       0x000000000000006e       0x6f build/kernel/libcpu/arm/cortex-m3/cpuport.o
 .comment       0x000000000000006e       0x6f build/kernel/components/drivers/misc/pin.o
 .comment       0x000000000000006e       0x6f build/kernel/components/drivers/serial/serial.o
 .comment       0x000000000000006e       0x6f build/kernel/components/drivers/src/completion.o
 .comment       0x000000000000006e       0x6f build/kernel/components/finsh/shell.o
 .comment       0x000000000000006e       0x6f build/kernel/components/finsh/cmd.o
 .comment       0x000000000000006e       0x6f build/kernel/components/finsh/msh.o
 .comment       0x000000000000006e       0x6f build/kernel/components/libc/compilers/newlib/libc.o

.ARM.attributes
                0x0000000000000000       0x29
 .ARM.attributes
                0x0000000000000000       0x1d /opt/gcc-arm-none-eabi-6_2-2016q4/bin/../lib/gcc/arm-none-eabi/6.2.1/thumb/v7-m/crti.o
 .ARM.attributes
                0x000000000000001d       0x2d /opt/gcc-arm-none-eabi-6_2-2016q4/bin/../lib/gcc/arm-none-eabi/6.2.1/thumb/v7-m/crtbegin.o
 .ARM.attributes
                0x000000000000004a       0x33 build/applications/main.o
 .ARM.attributes
                0x000000000000007d       0x33 build/board/board.o
 .ARM.attributes
                0x00000000000000b0       0x33 build/board/drv_usart.o
 .ARM.attributes
                0x00000000000000e3       0x33 build/Libraries/STM32F10x_StdPeriph_Driver/src/misc.o
 .ARM.attributes
                0x0000000000000116       0x33 build/Libraries/STM32F10x_StdPeriph_Driver/src/stm32f10x_gpio.o
 .ARM.attributes
                0x0000000000000149       0x33 build/Libraries/STM32F10x_StdPeriph_Driver/src/stm32f10x_rcc.o
 .ARM.attributes
                0x000000000000017c       0x33 build/Libraries/STM32F10x_StdPeriph_Driver/src/stm32f10x_usart.o
 .ARM.attributes
                0x00000000000001af       0x33 Libraries/CMSIS/ST/STM32F10x/system_stm32f10x.o
 .ARM.attributes
                0x00000000000001e2       0x21 Libraries/CMSIS/ST/STM32F10x/startup/TrueSTUDIO/startup_stm32f107xc.o
 .ARM.attributes
                0x0000000000000203       0x33 build/kernel/src/clock.o
 .ARM.attributes
                0x0000000000000236       0x33 build/kernel/src/components.o
 .ARM.attributes
                0x0000000000000269       0x33 build/kernel/src/device.o
 .ARM.attributes
                0x000000000000029c       0x33 build/kernel/src/idle.o
 .ARM.attributes
                0x00000000000002cf       0x33 build/kernel/src/ipc.o
 .ARM.attributes
                0x0000000000000302       0x33 build/kernel/src/irq.o
 .ARM.attributes
                0x0000000000000335       0x33 build/kernel/src/kservice.o
 .ARM.attributes
                0x0000000000000368       0x33 build/kernel/src/mem.o
 .ARM.attributes
                0x000000000000039b       0x33 build/kernel/src/object.o
 .ARM.attributes
                0x00000000000003ce       0x33 build/kernel/src/scheduler.o
 .ARM.attributes
                0x0000000000000401       0x33 build/kernel/src/thread.o
 .ARM.attributes
                0x0000000000000434       0x33 build/kernel/src/timer.o
 .ARM.attributes
                0x0000000000000467       0x33 build/kernel/libcpu/arm/cortex-m3/cpuport.o
 .ARM.attributes
                0x000000000000049a       0x21 build/kernel/libcpu/arm/cortex-m3/context_gcc.o
 .ARM.attributes
                0x00000000000004bb       0x33 build/kernel/components/drivers/misc/pin.o
 .ARM.attributes
                0x00000000000004ee       0x33 build/kernel/components/drivers/serial/serial.o
 .ARM.attributes
                0x0000000000000521       0x33 build/kernel/components/drivers/src/completion.o
 .ARM.attributes
                0x0000000000000554       0x33 build/kernel/components/finsh/shell.o
 .ARM.attributes
                0x0000000000000587       0x33 build/kernel/components/finsh/cmd.o
 .ARM.attributes
                0x00000000000005ba       0x33 build/kernel/components/finsh/msh.o
 .ARM.attributes
                0x00000000000005ed       0x33 build/kernel/components/libc/compilers/newlib/libc.o
 .ARM.attributes
                0x0000000000000620       0x2d /opt/gcc-arm-none-eabi-6_2-2016q4/bin/../lib/gcc/arm-none-eabi/6.2.1/../../../../arm-none-eabi/lib/thumb/v7-m/libc.a(lib_a-memcmp.o)
 .ARM.attributes
                0x000000000000064d       0x1b /opt/gcc-arm-none-eabi-6_2-2016q4/bin/../lib/gcc/arm-none-eabi/6.2.1/../../../../arm-none-eabi/lib/thumb/v7-m/libc.a(lib_a-memcpy.o)
 .ARM.attributes
                0x0000000000000668       0x2d /opt/gcc-arm-none-eabi-6_2-2016q4/bin/../lib/gcc/arm-none-eabi/6.2.1/../../../../arm-none-eabi/lib/thumb/v7-m/libc.a(lib_a-memset.o)
 .ARM.attributes
                0x0000000000000695       0x2d /opt/gcc-arm-none-eabi-6_2-2016q4/bin/../lib/gcc/arm-none-eabi/6.2.1/../../../../arm-none-eabi/lib/thumb/v7-m/libc.a(lib_a-strlen-stub.o)
 .ARM.attributes
                0x00000000000006c2       0x2d /opt/gcc-arm-none-eabi-6_2-2016q4/bin/../lib/gcc/arm-none-eabi/6.2.1/../../../../arm-none-eabi/lib/thumb/v7-m/libc.a(lib_a-strncmp.o)
 .ARM.attributes
                0x00000000000006ef       0x2d /opt/gcc-arm-none-eabi-6_2-2016q4/bin/../lib/gcc/arm-none-eabi/6.2.1/../../../../arm-none-eabi/lib/thumb/v7-m/libc.a(lib_a-strncpy.o)

.debug
 *(.debug)

.line
 *(.line)

.debug_srcinfo
 *(.debug_srcinfo)

.debug_sfnames
 *(.debug_sfnames)

.debug_aranges  0x0000000000000000      0xfe8
 *(.debug_aranges)
 .debug_aranges
                0x0000000000000000       0x30 build/applications/main.o
 .debug_aranges
                0x0000000000000030       0x50 build/board/board.o
 .debug_aranges
                0x0000000000000080       0x70 build/board/drv_usart.o
 .debug_aranges
                0x00000000000000f0       0x40 build/Libraries/STM32F10x_StdPeriph_Driver/src/misc.o
 .debug_aranges
                0x0000000000000130       0xa8 build/Libraries/STM32F10x_StdPeriph_Driver/src/stm32f10x_gpio.o
 .debug_aranges
                0x00000000000001d8      0x160 build/Libraries/STM32F10x_StdPeriph_Driver/src/stm32f10x_rcc.o
 .debug_aranges
                0x0000000000000338      0x100 build/Libraries/STM32F10x_StdPeriph_Driver/src/stm32f10x_usart.o
 .debug_aranges
                0x0000000000000438       0x38 Libraries/CMSIS/ST/STM32F10x/system_stm32f10x.o
 .debug_aranges
                0x0000000000000470       0x28 Libraries/CMSIS/ST/STM32F10x/startup/TrueSTUDIO/startup_stm32f107xc.o
 .debug_aranges
                0x0000000000000498       0x40 build/kernel/src/clock.o
 .debug_aranges
                0x00000000000004d8       0x68 build/kernel/src/components.o
 .debug_aranges
                0x0000000000000540       0x88 build/kernel/src/device.o
 .debug_aranges
                0x00000000000005c8       0x58 build/kernel/src/idle.o
 .debug_aranges
                0x0000000000000620      0x188 build/kernel/src/ipc.o
 .debug_aranges
                0x00000000000007a8       0x40 build/kernel/src/irq.o
 .debug_aranges
                0x00000000000007e8      0x118 build/kernel/src/kservice.o
 .debug_aranges
                0x0000000000000900       0x68 build/kernel/src/mem.o
 .debug_aranges
                0x0000000000000968       0x98 build/kernel/src/object.o
 .debug_aranges
                0x0000000000000a00       0x88 build/kernel/src/scheduler.o
 .debug_aranges
                0x0000000000000a88       0xe0 build/kernel/src/thread.o
 .debug_aranges
                0x0000000000000b68       0xb8 build/kernel/src/timer.o
 .debug_aranges
                0x0000000000000c20       0x68 build/kernel/libcpu/arm/cortex-m3/cpuport.o
 .debug_aranges
                0x0000000000000c88       0x20 build/kernel/libcpu/arm/cortex-m3/context_gcc.o
 .debug_aranges
                0x0000000000000ca8       0x68 build/kernel/components/drivers/misc/pin.o
 .debug_aranges
                0x0000000000000d10       0x80 build/kernel/components/drivers/serial/serial.o
 .debug_aranges
                0x0000000000000d90       0x48 build/kernel/components/drivers/src/completion.o
 .debug_aranges
                0x0000000000000dd8       0xa0 build/kernel/components/finsh/shell.o
 .debug_aranges
                0x0000000000000e78       0xe8 build/kernel/components/finsh/cmd.o
 .debug_aranges
                0x0000000000000f60       0x68 build/kernel/components/finsh/msh.o
 .debug_aranges
                0x0000000000000fc8       0x20 build/kernel/components/libc/compilers/newlib/libc.o

.debug_pubnames
 *(.debug_pubnames)

.debug_info     0x0000000000000000    0x21ab2
 *(.debug_info .gnu.linkonce.wi.*)
 .debug_info    0x0000000000000000      0xe8f build/applications/main.o
 .debug_info    0x0000000000000e8f     0x1111 build/board/board.o
 .debug_info    0x0000000000001fa0     0x1976 build/board/drv_usart.o
 .debug_info    0x0000000000003916      0xec2 build/Libraries/STM32F10x_StdPeriph_Driver/src/misc.o
 .debug_info    0x00000000000047d8     0x107e build/Libraries/STM32F10x_StdPeriph_Driver/src/stm32f10x_gpio.o
 .debug_info    0x0000000000005856     0x14ac build/Libraries/STM32F10x_StdPeriph_Driver/src/stm32f10x_rcc.o
 .debug_info    0x0000000000006d02     0x13cb build/Libraries/STM32F10x_StdPeriph_Driver/src/stm32f10x_usart.o
 .debug_info    0x00000000000080cd      0xe6a Libraries/CMSIS/ST/STM32F10x/system_stm32f10x.o
 .debug_info    0x0000000000008f37       0xa9 Libraries/CMSIS/ST/STM32F10x/startup/TrueSTUDIO/startup_stm32f107xc.o
 .debug_info    0x0000000000008fe0      0xe26 build/kernel/src/clock.o
 .debug_info    0x0000000000009e06      0xf33 build/kernel/src/components.o
 .debug_info    0x000000000000ad39     0x1322 build/kernel/src/device.o
 .debug_info    0x000000000000c05b      0xfbb build/kernel/src/idle.o
 .debug_info    0x000000000000d016     0x24d5 build/kernel/src/ipc.o
 .debug_info    0x000000000000f4eb      0xbb2 build/kernel/src/irq.o
 .debug_info    0x000000000001009d     0x1bef build/kernel/src/kservice.o
 .debug_info    0x0000000000011c8c     0x1223 build/kernel/src/mem.o
 .debug_info    0x0000000000012eaf     0x115c build/kernel/src/object.o
 .debug_info    0x000000000001400b     0x1120 build/kernel/src/scheduler.o
 .debug_info    0x000000000001512b     0x1653 build/kernel/src/thread.o
 .debug_info    0x000000000001677e     0x12a0 build/kernel/src/timer.o
 .debug_info    0x0000000000017a1e      0xe28 build/kernel/libcpu/arm/cortex-m3/cpuport.o
 .debug_info    0x0000000000018846       0xa6 build/kernel/libcpu/arm/cortex-m3/context_gcc.o
 .debug_info    0x00000000000188ec     0x1595 build/kernel/components/drivers/misc/pin.o
 .debug_info    0x0000000000019e81     0x171a build/kernel/components/drivers/serial/serial.o
 .debug_info    0x000000000001b59b      0xf68 build/kernel/components/drivers/src/completion.o
 .debug_info    0x000000000001c503     0x17b4 build/kernel/components/finsh/shell.o
 .debug_info    0x000000000001dcb7     0x225d build/kernel/components/finsh/cmd.o
 .debug_info    0x000000000001ff14     0x10c1 build/kernel/components/finsh/msh.o
 .debug_info    0x0000000000020fd5      0xadd build/kernel/components/libc/compilers/newlib/libc.o

.debug_abbrev   0x0000000000000000     0x4a88
 *(.debug_abbrev)
 .debug_abbrev  0x0000000000000000      0x247 build/applications/main.o
 .debug_abbrev  0x0000000000000247      0x27e build/board/board.o
 .debug_abbrev  0x00000000000004c5      0x31b build/board/drv_usart.o
 .debug_abbrev  0x00000000000007e0      0x207 build/Libraries/STM32F10x_StdPeriph_Driver/src/misc.o
 .debug_abbrev  0x00000000000009e7      0x297 build/Libraries/STM32F10x_StdPeriph_Driver/src/stm32f10x_gpio.o
 .debug_abbrev  0x0000000000000c7e      0x282 build/Libraries/STM32F10x_StdPeriph_Driver/src/stm32f10x_rcc.o
 .debug_abbrev  0x0000000000000f00      0x25b build/Libraries/STM32F10x_StdPeriph_Driver/src/stm32f10x_usart.o
 .debug_abbrev  0x000000000000115b      0x246 Libraries/CMSIS/ST/STM32F10x/system_stm32f10x.o
 .debug_abbrev  0x00000000000013a1       0x12 Libraries/CMSIS/ST/STM32F10x/startup/TrueSTUDIO/startup_stm32f107xc.o
 .debug_abbrev  0x00000000000013b3      0x225 build/kernel/src/clock.o
 .debug_abbrev  0x00000000000015d8      0x23a build/kernel/src/components.o
 .debug_abbrev  0x0000000000001812      0x28d build/kernel/src/device.o
 .debug_abbrev  0x0000000000001a9f      0x29b build/kernel/src/idle.o
 .debug_abbrev  0x0000000000001d3a      0x2e4 build/kernel/src/ipc.o
 .debug_abbrev  0x000000000000201e      0x22e build/kernel/src/irq.o
 .debug_abbrev  0x000000000000224c      0x3a1 build/kernel/src/kservice.o
 .debug_abbrev  0x00000000000025ed      0x2dd build/kernel/src/mem.o
 .debug_abbrev  0x00000000000028ca      0x2f9 build/kernel/src/object.o
 .debug_abbrev  0x0000000000002bc3      0x2e4 build/kernel/src/scheduler.o
 .debug_abbrev  0x0000000000002ea7      0x2f9 build/kernel/src/thread.o
 .debug_abbrev  0x00000000000031a0      0x368 build/kernel/src/timer.o
 .debug_abbrev  0x0000000000003508      0x29c build/kernel/libcpu/arm/cortex-m3/cpuport.o
 .debug_abbrev  0x00000000000037a4       0x14 build/kernel/libcpu/arm/cortex-m3/context_gcc.o
 .debug_abbrev  0x00000000000037b8      0x24a build/kernel/components/drivers/misc/pin.o
 .debug_abbrev  0x0000000000003a02      0x2e2 build/kernel/components/drivers/serial/serial.o
 .debug_abbrev  0x0000000000003ce4      0x25e build/kernel/components/drivers/src/completion.o
 .debug_abbrev  0x0000000000003f42      0x389 build/kernel/components/finsh/shell.o
 .debug_abbrev  0x00000000000042cb      0x313 build/kernel/components/finsh/cmd.o
 .debug_abbrev  0x00000000000045de      0x2fe build/kernel/components/finsh/msh.o
 .debug_abbrev  0x00000000000048dc      0x1ac build/kernel/components/libc/compilers/newlib/libc.o

.debug_line     0x0000000000000000     0x7645
 *(.debug_line)
 .debug_line    0x0000000000000000      0x2a1 build/applications/main.o
 .debug_line    0x00000000000002a1      0x30c build/board/board.o
 .debug_line    0x00000000000005ad      0x455 build/board/drv_usart.o
 .debug_line    0x0000000000000a02      0x264 build/Libraries/STM32F10x_StdPeriph_Driver/src/misc.o
 .debug_line    0x0000000000000c66      0x3f1 build/Libraries/STM32F10x_StdPeriph_Driver/src/stm32f10x_gpio.o
 .debug_line    0x0000000000001057      0x5a8 build/Libraries/STM32F10x_StdPeriph_Driver/src/stm32f10x_rcc.o
 .debug_line    0x00000000000015ff      0x4d3 build/Libraries/STM32F10x_StdPeriph_Driver/src/stm32f10x_usart.o
 .debug_line    0x0000000000001ad2      0x261 Libraries/CMSIS/ST/STM32F10x/system_stm32f10x.o
 .debug_line    0x0000000000001d33       0xa3 Libraries/CMSIS/ST/STM32F10x/startup/TrueSTUDIO/startup_stm32f107xc.o
 .debug_line    0x0000000000001dd6      0x220 build/kernel/src/clock.o
 .debug_line    0x0000000000001ff6      0x2b0 build/kernel/src/components.o
 .debug_line    0x00000000000022a6      0x3e7 build/kernel/src/device.o
 .debug_line    0x000000000000268d      0x2e2 build/kernel/src/idle.o
 .debug_line    0x000000000000296f      0xc9e build/kernel/src/ipc.o
 .debug_line    0x000000000000360d      0x229 build/kernel/src/irq.o
 .debug_line    0x0000000000003836      0x701 build/kernel/src/kservice.o
 .debug_line    0x0000000000003f37      0x49f build/kernel/src/mem.o
 .debug_line    0x00000000000043d6      0x409 build/kernel/src/object.o
 .debug_line    0x00000000000047df      0x36c build/kernel/src/scheduler.o
 .debug_line    0x0000000000004b4b      0x56a build/kernel/src/thread.o
 .debug_line    0x00000000000050b5      0x49f build/kernel/src/timer.o
 .debug_line    0x0000000000005554      0x2f9 build/kernel/libcpu/arm/cortex-m3/cpuport.o
 .debug_line    0x000000000000584d       0xd7 build/kernel/libcpu/arm/cortex-m3/context_gcc.o
 .debug_line    0x0000000000005924      0x3d0 build/kernel/components/drivers/misc/pin.o
 .debug_line    0x0000000000005cf4      0x542 build/kernel/components/drivers/serial/serial.o
 .debug_line    0x0000000000006236      0x2f5 build/kernel/components/drivers/src/completion.o
 .debug_line    0x000000000000652b      0x4f5 build/kernel/components/finsh/shell.o
 .debug_line    0x0000000000006a20      0x63f build/kernel/components/finsh/cmd.o
 .debug_line    0x000000000000705f      0x3ee build/kernel/components/finsh/msh.o
 .debug_line    0x000000000000744d      0x1f8 build/kernel/components/libc/compilers/newlib/libc.o

.debug_frame    0x0000000000000000     0x3fa4
 *(.debug_frame)
 .debug_frame   0x0000000000000000       0x70 build/applications/main.o
 .debug_frame   0x0000000000000070       0xec build/board/board.o
 .debug_frame   0x000000000000015c      0x19c build/board/drv_usart.o
 .debug_frame   0x00000000000002f8       0xd8 build/Libraries/STM32F10x_StdPeriph_Driver/src/misc.o
 .debug_frame   0x00000000000003d0      0x2d0 build/Libraries/STM32F10x_StdPeriph_Driver/src/stm32f10x_gpio.o